// Jest Snapshot v1, https://goo.gl/fbAQLP

exports[`plugins/discourse/fetch snapshot testing loads a particular topic from snapshot 1`] = `
Object {
  "posts": Array [
    Object {
      "authorUsername": "d11",
      "cooked": "<p>This is a test post.</p>
<p>EDIT: This test post was edited on October 24, 2019.</p>",
      "id": 14,
      "indexWithinTopic": 1,
      "replyToPostIndex": null,
      "timestampMs": 1564744349476,
      "topicId": 11,
    },
    Object {
      "authorUsername": "dl-proto",
      "cooked": "<p>Ah, an excellent post. I will like it and reply.</p>",
      "id": 16,
      "indexWithinTopic": 2,
      "replyToPostIndex": null,
      "timestampMs": 1564744496285,
      "topicId": 11,
    },
    Object {
      "authorUsername": "d11",
      "cooked": "<p>Adding another post, after having deleted a whole thread.</p>",
      "id": 22,
      "indexWithinTopic": 3,
      "replyToPostIndex": null,
      "timestampMs": 1564951839667,
      "topicId": 11,
    },
  ],
  "topic": Object {
    "authorUsername": "d11",
    "bumpedMs": 1564744349408,
    "categoryId": 1,
    "id": 11,
    "timestampMs": 1564744349408,
    "title": "My First Test Post",
  },
}
`;

exports[`plugins/discourse/fetch snapshot testing loads topic IDs that are category definition topics 1`] = `
Array [
  1,
]
`;

exports[`plugins/discourse/fetch snapshot testing loads topics ordered by bumped_at since a given timestamp 1`] = `
Array [
  Object {
    "authorUsername": "system",
    "bumpedMs": 1554938179399,
    "categoryId": 1,
    "id": 7,
    "timestampMs": 1554236412879,
    "title": "Welcome to Discourse",
  },
  Object {
    "authorUsername": "d11",
    "bumpedMs": 1571855191281,
    "categoryId": 1,
    "id": 21,
    "timestampMs": 1571855191140,
    "title": "A Post With References",
  },
  Object {
    "authorUsername": "d11",
    "bumpedMs": 1570420159922,
    "categoryId": 1,
    "id": 20,
    "timestampMs": 1570420159868,
    "title": "123 a post with numbers in slug",
  },
  Object {
    "authorUsername": "d11",
    "bumpedMs": 1570049836311,
    "categoryId": 1,
    "id": 19,
    "timestampMs": 1570049491690,
    "title": "This post will be a wiki",
  },
  Object {
    "authorUsername": "d11",
    "bumpedMs": 1570049410625,
    "categoryId": 1,
    "id": 18,
    "timestampMs": 1570049410568,
    "title": "Test Poll Please Ignore",
  },
  Object {
    "authorUsername": "d11",
    "bumpedMs": 1564951839667,
    "categoryId": 1,
    "id": 11,
    "timestampMs": 1564744349408,
    "title": "My First Test Post",
  },
  Object {
    "authorUsername": "dl-proto",
    "bumpedMs": 1564744632755,
    "categoryId": 1,
    "id": 13,
    "timestampMs": 1564744553843,
    "title": "A Thread With Links",
  },
]
`;

exports[`plugins/discourse/fetch snapshot testing loads user likes from snapshot 1`] = `
Array [
  Object {
    "postId": 14,
    "timestampMs": 1564744498189,
    "username": "dl-proto",
  },
]
`;
