// Jest Snapshot v1, https://goo.gl/fbAQLP

exports[`graph JSON serialization serializes a sample graph 1`] = `
Array [
  Object {
    "type": "sourcecred/Graph",
    "version": "0.3.0",
  },
  Object {
    "edges": Array [
      Object {
        "type": "sourcecred/sourcecred/AddressMap",
        "version": "0.2.0",
      },
      Object {
        "{\\"id\\":\\"a_absent\\",\\"owner\\":{\\"plugin\\":\\"sourcecred/graph-demo-plugin\\",\\"type\\":\\"EDGE\\"}}": Object {
          "dstIndex": 2,
          "payload": "not much",
          "srcIndex": 0,
        },
        "{\\"id\\":\\"a_b\\",\\"owner\\":{\\"plugin\\":\\"sourcecred/graph-demo-plugin\\",\\"type\\":\\"EDGE\\"}}": Object {
          "dstIndex": 1,
          "payload": "not much",
          "srcIndex": 0,
        },
        "{\\"id\\":\\"absent_b\\",\\"owner\\":{\\"plugin\\":\\"sourcecred/graph-demo-plugin\\",\\"type\\":\\"EDGE\\"}}": Object {
          "dstIndex": 1,
          "payload": "not much",
          "srcIndex": 2,
        },
      },
    ],
    "nodes": Array [
      Object {
        "payload": Object {
          "catchphrase": "alpha",
          "id": 1,
          "type": "BAR",
        },
        "pluginName": "sourcecred/graph-demo-plugin",
      },
      Object {
        "payload": Object {
          "catchphrase": "bravo",
          "id": 2,
          "type": "BAR",
        },
        "pluginName": "sourcecred/graph-demo-plugin",
      },
      Object {
        "address": Object {
          "id": "3",
          "owner": Object {
            "plugin": "sourcecred/graph-demo-plugin",
            "type": "BAR",
          },
        },
      },
      Object {
        "payload": Object {
          "catchphrase": "...",
          "id": 4,
          "type": "BAR",
        },
        "pluginName": "sourcecred/graph-demo-plugin",
      },
    ],
  },
]
`;
