// Jest Snapshot v1, https://goo.gl/fbAQLP

exports[`plugins/git/edges createEdge works for "hasParent" 1`] = `
Object {
  "addressParts": Array [
    "sourcecred",
    "git",
    "HAS_PARENT",
    "2",
    "COMMIT",
    "3715ddfb8d4c4fd2a6f6af75488c82f84c92ec2f",
    "2",
    "COMMIT",
    "69c5aad50eec8f2a0a07c988c3b283a6490eb45b",
  ],
  "dstParts": Array [
    "sourcecred",
    "git",
    "COMMIT",
    "69c5aad50eec8f2a0a07c988c3b283a6490eb45b",
  ],
  "srcParts": Array [
    "sourcecred",
    "git",
    "COMMIT",
    "3715ddfb8d4c4fd2a6f6af75488c82f84c92ec2f",
  ],
  "timestampMs": 102,
}
`;
