// Jest Snapshot v1, https://goo.gl/fbAQLP

exports[`plugins/git/nodes snapshots as expected: commit 1`] = `
Object {
  "address": Array [
    "sourcecred",
    "git",
    "COMMIT",
    "3715ddfb8d4c4fd2a6f6af75488c82f84c92ec2f",
  ],
  "structured": Object {
    "hash": "3715ddfb8d4c4fd2a6f6af75488c82f84c92ec2f",
    "type": "COMMIT",
  },
}
`;
