// Jest Snapshot v1, https://goo.gl/fbAQLP

exports[`graphToMarkovChain is correct for a trivial one-node chain 1`] = `
Object {
  "inNeighbors": Array [
    Object {
      "inWeights": Float64Array [
        1,
      ],
      "neighbors": Uint32Array [
        0,
      ],
    },
  ],
  "nodeOrder": Array [
    Object {
      "id": "who are you blah blah",
      "pluginName": "the magnificent foo plugin",
      "type": "irrelevant!",
    },
  ],
}
`;
