// Jest Snapshot v1, https://goo.gl/fbAQLP

exports[`githubPluginAdapter operates on the example repo 1`] = `
Array [
  Object {
    "id": "https://github.com/decentralion",
    "payload": Object {
      "login": "decentralion",
      "subtype": "USER",
      "url": "https://github.com/decentralion",
    },
    "rendered": <div>
      type: 
      AUTHOR
       (details to be implemented)
</div>,
    "title": "decentralion",
    "type": "AUTHOR",
  },
  Object {
    "id": "https://github.com/sourcecred/example-github",
    "payload": Object {
      "name": "example-github",
      "owner": "sourcecred",
      "url": "https://github.com/sourcecred/example-github",
    },
    "rendered": <div>
      type: 
      REPOSITORY
       (details to be implemented)
</div>,
    "title": "sourcecred/example-github",
    "type": "REPOSITORY",
  },
  Object {
    "id": "https://github.com/sourcecred/example-github/issues/1",
    "payload": Object {
      "body": "This is just an example issue.",
      "number": 1,
      "title": "An example issue.",
      "url": "https://github.com/sourcecred/example-github/issues/1",
    },
    "rendered": <div>
      type: 
      ISSUE
       (details to be implemented)
</div>,
    "title": "#1: An example issue.",
    "type": "ISSUE",
  },
  Object {
    "id": "https://github.com/sourcecred/example-github/issues/2",
    "payload": Object {
      "body": "This issue references another issue, namely #1",
      "number": 2,
      "title": "A referencing issue.",
      "url": "https://github.com/sourcecred/example-github/issues/2",
    },
    "rendered": <div>
      type: 
      ISSUE
       (details to be implemented)
</div>,
    "title": "#2: A referencing issue.",
    "type": "ISSUE",
  },
  Object {
    "id": "https://github.com/sourcecred/example-github/issues/2#issuecomment-373768703",
    "payload": Object {
      "body": "It should also be possible to reference by exact url: https://github.com/sourcecred/example-github/issues/6",
      "url": "https://github.com/sourcecred/example-github/issues/2#issuecomment-373768703",
    },
    "rendered": <div>
      type: 
      COMMENT
       (details to be implemented)
</div>,
    "title": "comment on #2: A referencing issue.",
    "type": "COMMENT",
  },
  Object {
    "id": "https://github.com/sourcecred/example-github/issues/2#issuecomment-373768850",
    "payload": Object {
      "body": "We might also reference individual comments directly.
https://github.com/sourcecred/example-github/issues/6#issuecomment-373768538",
      "url": "https://github.com/sourcecred/example-github/issues/2#issuecomment-373768850",
    },
    "rendered": <div>
      type: 
      COMMENT
       (details to be implemented)
</div>,
    "title": "comment on #2: A referencing issue.",
    "type": "COMMENT",
  },
  Object {
    "id": "https://github.com/sourcecred/example-github/issues/2#issuecomment-385576185",
    "payload": Object {
      "body": "Here's a PR by direct url: https://github.com/sourcecred/example-github/pull/5",
      "url": "https://github.com/sourcecred/example-github/issues/2#issuecomment-385576185",
    },
    "rendered": <div>
      type: 
      COMMENT
       (details to be implemented)
</div>,
    "title": "comment on #2: A referencing issue.",
    "type": "COMMENT",
  },
  Object {
    "id": "https://github.com/sourcecred/example-github/issues/2#issuecomment-385576220",
    "payload": Object {
      "body": "a PR review by url: https://github.com/sourcecred/example-github/pull/5#pullrequestreview-100313899",
      "url": "https://github.com/sourcecred/example-github/issues/2#issuecomment-385576220",
    },
    "rendered": <div>
      type: 
      COMMENT
       (details to be implemented)
</div>,
    "title": "comment on #2: A referencing issue.",
    "type": "COMMENT",
  },
  Object {
    "id": "https://github.com/sourcecred/example-github/issues/2#issuecomment-385576248",
    "payload": Object {
      "body": "a PR Review Comment by url: https://github.com/sourcecred/example-github/pull/5#discussion_r171460198",
      "url": "https://github.com/sourcecred/example-github/issues/2#issuecomment-385576248",
    },
    "rendered": <div>
      type: 
      COMMENT
       (details to be implemented)
</div>,
    "title": "comment on #2: A referencing issue.",
    "type": "COMMENT",
  },
  Object {
    "id": "https://github.com/sourcecred/example-github/issues/2#issuecomment-385576273",
    "payload": Object {
      "body": "a user by url: https://github.com/wchargin",
      "url": "https://github.com/sourcecred/example-github/issues/2#issuecomment-385576273",
    },
    "rendered": <div>
      type: 
      COMMENT
       (details to be implemented)
</div>,
    "title": "comment on #2: A referencing issue.",
    "type": "COMMENT",
  },
  Object {
    "id": "https://github.com/sourcecred/example-github/issues/2#issuecomment-385576920",
    "payload": Object {
      "body": "Here are several references:
#1 
#2
#3 

https://github.com/sourcecred/example-github/pull/5#discussion_r171460198
https://github.com/sourcecred/example-github/pull/5#pullrequestreview-100313899
",
      "url": "https://github.com/sourcecred/example-github/issues/2#issuecomment-385576920",
    },
    "rendered": <div>
      type: 
      COMMENT
       (details to be implemented)
</div>,
    "title": "comment on #2: A referencing issue.",
    "type": "COMMENT",
  },
  Object {
    "id": "https://github.com/sourcecred/example-github/issues/2#issuecomment-385576936",
    "payload": Object {
      "body": "This comment has no references.",
      "url": "https://github.com/sourcecred/example-github/issues/2#issuecomment-385576936",
    },
    "rendered": <div>
      type: 
      COMMENT
       (details to be implemented)
</div>,
    "title": "comment on #2: A referencing issue.",
    "type": "COMMENT",
  },
  Object {
    "id": "https://github.com/sourcecred/example-github/issues/4",
    "payload": Object {
      "body": "Alas, its life as an open issue had only just begun.",
      "number": 4,
      "title": "A closed pull request",
      "url": "https://github.com/sourcecred/example-github/issues/4",
    },
    "rendered": <div>
      type: 
      ISSUE
       (details to be implemented)
</div>,
    "title": "#4: A closed pull request",
    "type": "ISSUE",
  },
  Object {
    "id": "https://github.com/sourcecred/example-github/issues/6",
    "payload": Object {
      "body": "This issue shall shortly have a few comments.",
      "number": 6,
      "title": "An issue with comments",
      "url": "https://github.com/sourcecred/example-github/issues/6",
    },
    "rendered": <div>
      type: 
      ISSUE
       (details to be implemented)
</div>,
    "title": "#6: An issue with comments",
    "type": "ISSUE",
  },
  Object {
    "id": "https://github.com/sourcecred/example-github/issues/6#issuecomment-373768442",
    "payload": Object {
      "body": "A wild COMMENT appeared!",
      "url": "https://github.com/sourcecred/example-github/issues/6#issuecomment-373768442",
    },
    "rendered": <div>
      type: 
      COMMENT
       (details to be implemented)
</div>,
    "title": "comment on #6: An issue with comments",
    "type": "COMMENT",
  },
  Object {
    "id": "https://github.com/sourcecred/example-github/issues/6#issuecomment-373768538",
    "payload": Object {
      "body": "And the maintainer said, \\"Let there be comments!\\"",
      "url": "https://github.com/sourcecred/example-github/issues/6#issuecomment-373768538",
    },
    "rendered": <div>
      type: 
      COMMENT
       (details to be implemented)
</div>,
    "title": "comment on #6: An issue with comments",
    "type": "COMMENT",
  },
  Object {
    "id": "https://github.com/sourcecred/example-github/issues/6#issuecomment-385223316",
    "payload": Object {
      "body": "This comment references an #2, which itself references an issue. This comment is thus allows us to test that in-references are not included when requesting a Post's references.",
      "url": "https://github.com/sourcecred/example-github/issues/6#issuecomment-385223316",
    },
    "rendered": <div>
      type: 
      COMMENT
       (details to be implemented)
</div>,
    "title": "comment on #6: An issue with comments",
    "type": "COMMENT",
  },
  Object {
    "id": "https://github.com/sourcecred/example-github/issues/7",
    "payload": Object {
      "body": "Deal with this, naive string display algorithms!!!!!",
      "number": 7,
      "title": "An issue with an extremely long title, which even has a VerySuperFragicalisticialiManyCharacterUberLongTriplePlusGood word in it, and should really be truncated intelligently or something",
      "url": "https://github.com/sourcecred/example-github/issues/7",
    },
    "rendered": <div>
      type: 
      ISSUE
       (details to be implemented)
</div>,
    "title": "#7: An issue with an extremely long title, which even has a VerySuperFragicalisticialiManyCharacterUberLongTriplePlusGood word in it, and should really be truncated intelligently or something",
    "type": "ISSUE",
  },
  Object {
    "id": "https://github.com/sourcecred/example-github/issues/8",
    "payload": Object {
      "body": "Issue with Unicode: ȴሲ𣐳楢👍 :heart: 𐤔𐤁𐤀𐤑𐤍𐤉𐤔𐤌𐤄𐤍𐤍 ❤️
Issue with Unicode: ȴሲ𣐳楢👍 :heart: 𐤔𐤁𐤀𐤑𐤍𐤉𐤔𐤌𐤄𐤍𐤍 ❤️",
      "number": 8,
      "title": "Issue with Unicode: ȴሲ𣐳楢👍 :heart: 𐤔𐤁𐤀𐤑𐤍𐤉𐤔𐤌𐤄𐤍𐤍 ❤️",
      "url": "https://github.com/sourcecred/example-github/issues/8",
    },
    "rendered": <div>
      type: 
      ISSUE
       (details to be implemented)
</div>,
    "title": "#8: Issue with Unicode: ȴሲ𣐳楢👍 :heart: 𐤔𐤁𐤀𐤑𐤍𐤉𐤔𐤌𐤄𐤍𐤍 ❤️",
    "type": "ISSUE",
  },
  Object {
    "id": "https://github.com/sourcecred/example-github/pull/3",
    "payload": Object {
      "body": "Oh look, it's a pull request.",
      "number": 3,
      "title": "Add README, merge via PR.",
      "url": "https://github.com/sourcecred/example-github/pull/3",
    },
    "rendered": <div>
      type: 
      PULL_REQUEST
       (details to be implemented)
</div>,
    "title": "#3: Add README, merge via PR.",
    "type": "PULL_REQUEST",
  },
  Object {
    "id": "https://github.com/sourcecred/example-github/pull/3#issuecomment-369162222",
    "payload": Object {
      "body": "It seems apropos to reference something from a pull request comment... eg: #2 ",
      "url": "https://github.com/sourcecred/example-github/pull/3#issuecomment-369162222",
    },
    "rendered": <div>
      type: 
      COMMENT
       (details to be implemented)
</div>,
    "title": "comment on #3: Add README, merge via PR.",
    "type": "COMMENT",
  },
  Object {
    "id": "https://github.com/sourcecred/example-github/pull/5",
    "payload": Object {
      "body": "@wchargin could you please do the following:
- add a commit comment
- add a review comment requesting some trivial change
- i'll change it
- then approve the pr",
      "number": 5,
      "title": "This pull request will be more contentious. I can feel it...",
      "url": "https://github.com/sourcecred/example-github/pull/5",
    },
    "rendered": <div>
      type: 
      PULL_REQUEST
       (details to be implemented)
</div>,
    "title": "#5: This pull request will be more contentious. I can feel it...",
    "type": "PULL_REQUEST",
  },
  Object {
    "id": "https://github.com/sourcecred/example-github/pull/5#discussion_r171460198",
    "payload": Object {
      "body": "seems a bit capricious",
      "url": "https://github.com/sourcecred/example-github/pull/5#discussion_r171460198",
    },
    "rendered": <div>
      type: 
      PULL_REQUEST_REVIEW_COMMENT
       (details to be implemented)
</div>,
    "title": "comment on review of #5: This pull request will be more contentious. I can feel it...",
    "type": "PULL_REQUEST_REVIEW_COMMENT",
  },
  Object {
    "id": "https://github.com/sourcecred/example-github/pull/5#pullrequestreview-100313899",
    "payload": Object {
      "body": "hmmm.jpg",
      "state": "CHANGES_REQUESTED",
      "url": "https://github.com/sourcecred/example-github/pull/5#pullrequestreview-100313899",
    },
    "rendered": <div>
      type: 
      PULL_REQUEST_REVIEW
       (details to be implemented)
</div>,
    "title": "review of #5: This pull request will be more contentious. I can feel it...",
    "type": "PULL_REQUEST_REVIEW",
  },
  Object {
    "id": "https://github.com/sourcecred/example-github/pull/5#pullrequestreview-100314038",
    "payload": Object {
      "body": "I'm sold",
      "state": "APPROVED",
      "url": "https://github.com/sourcecred/example-github/pull/5#pullrequestreview-100314038",
    },
    "rendered": <div>
      type: 
      PULL_REQUEST_REVIEW
       (details to be implemented)
</div>,
    "title": "review of #5: This pull request will be more contentious. I can feel it...",
    "type": "PULL_REQUEST_REVIEW",
  },
  Object {
    "id": "https://github.com/sourcecred/example-github/pull/9",
    "payload": Object {
      "body": "Nominally paired with @wchargin",
      "number": 9,
      "title": "An unmerged pull request",
      "url": "https://github.com/sourcecred/example-github/pull/9",
    },
    "rendered": <div>
      type: 
      PULL_REQUEST
       (details to be implemented)
</div>,
    "title": "#9: An unmerged pull request",
    "type": "PULL_REQUEST",
  },
  Object {
    "id": "https://github.com/wchargin",
    "payload": Object {
      "login": "wchargin",
      "subtype": "USER",
      "url": "https://github.com/wchargin",
    },
    "rendered": <div>
      type: 
      AUTHOR
       (details to be implemented)
</div>,
    "title": "wchargin",
    "type": "AUTHOR",
  },
]
`;
