// Jest Snapshot v1, https://goo.gl/fbAQLP

exports[`address AddressMap stringifies to JSON 1`] = `
Object {
  "{\\"repositoryName\\":\\"sourcecred/suburbia\\",\\"pluginName\\":\\"houseville\\",\\"id\\":\\"mansion\\"}": Object {
    "baths": 5,
    "beds": 10,
  },
  "{\\"repositoryName\\":\\"sourcecred/suburbia\\",\\"pluginName\\":\\"houseville\\",\\"id\\":\\"mattressStore\\"}": Object {
    "baths": 1,
    "beds": 99,
  },
}
`;
