// Jest Snapshot v1, https://goo.gl/fbAQLP

exports[`graph #Graph JSON functions should serialize a simple graph 1`] = `
Object {
  "edges": Object {
    "{\\"repositoryName\\":\\"sourcecred/eventide\\",\\"pluginName\\":\\"hill_cooking_pot\\",\\"id\\":\\"crab-self-assessment\\"}": Object {
      "dst": Object {
        "id": "razorclaw_crab#2",
        "pluginName": "hill_cooking_pot",
        "repositoryName": "sourcecred/eventide",
      },
      "payload": Object {
        "evaluation": "not effective at avoiding hero",
      },
      "src": Object {
        "id": "razorclaw_crab#2",
        "pluginName": "hill_cooking_pot",
        "repositoryName": "sourcecred/eventide",
      },
    },
    "{\\"repositoryName\\":\\"sourcecred/eventide\\",\\"pluginName\\":\\"hill_cooking_pot\\",\\"id\\":\\"hero_of_time#0@again_cooks@seafood_fruit_mix#3\\"}": Object {
      "dst": Object {
        "id": "hero_of_time#0",
        "pluginName": "hill_cooking_pot",
        "repositoryName": "sourcecred/eventide",
      },
      "payload": Object {
        "crit": true,
        "saveScummed": true,
      },
      "src": Object {
        "id": "seafood_fruit_mix#3",
        "pluginName": "hill_cooking_pot",
        "repositoryName": "sourcecred/eventide",
      },
    },
    "{\\"repositoryName\\":\\"sourcecred/eventide\\",\\"pluginName\\":\\"hill_cooking_pot\\",\\"id\\":\\"hero_of_time#0@cooks@seafood_fruit_mix#3\\"}": Object {
      "dst": Object {
        "id": "hero_of_time#0",
        "pluginName": "hill_cooking_pot",
        "repositoryName": "sourcecred/eventide",
      },
      "payload": Object {
        "crit": false,
      },
      "src": Object {
        "id": "seafood_fruit_mix#3",
        "pluginName": "hill_cooking_pot",
        "repositoryName": "sourcecred/eventide",
      },
    },
    "{\\"repositoryName\\":\\"sourcecred/eventide\\",\\"pluginName\\":\\"hill_cooking_pot\\",\\"id\\":\\"hero_of_time#0@eats@seafood_fruit_mix#3\\"}": Object {
      "dst": Object {
        "id": "seafood_fruit_mix#3",
        "pluginName": "hill_cooking_pot",
        "repositoryName": "sourcecred/eventide",
      },
      "payload": Object {},
      "src": Object {
        "id": "hero_of_time#0",
        "pluginName": "hill_cooking_pot",
        "repositoryName": "sourcecred/eventide",
      },
    },
    "{\\"repositoryName\\":\\"sourcecred/eventide\\",\\"pluginName\\":\\"hill_cooking_pot\\",\\"id\\":\\"hero_of_time#0@grabs@razorclaw_crab#2\\"}": Object {
      "dst": Object {
        "id": "hero_of_time#0",
        "pluginName": "hill_cooking_pot",
        "repositoryName": "sourcecred/eventide",
      },
      "payload": Object {},
      "src": Object {
        "id": "razorclaw_crab#2",
        "pluginName": "hill_cooking_pot",
        "repositoryName": "sourcecred/eventide",
      },
    },
    "{\\"repositoryName\\":\\"sourcecred/eventide\\",\\"pluginName\\":\\"hill_cooking_pot\\",\\"id\\":\\"hero_of_time#0@picks@mighty_bananas#1\\"}": Object {
      "dst": Object {
        "id": "hero_of_time#0",
        "pluginName": "hill_cooking_pot",
        "repositoryName": "sourcecred/eventide",
      },
      "payload": Object {},
      "src": Object {
        "id": "mighty_bananas#1",
        "pluginName": "hill_cooking_pot",
        "repositoryName": "sourcecred/eventide",
      },
    },
    "{\\"repositoryName\\":\\"sourcecred/eventide\\",\\"pluginName\\":\\"hill_cooking_pot\\",\\"id\\":\\"mighty_bananas#1@included_in@seafood_fruit_mix#3\\"}": Object {
      "dst": Object {
        "id": "mighty_bananas#1",
        "pluginName": "hill_cooking_pot",
        "repositoryName": "sourcecred/eventide",
      },
      "payload": Object {},
      "src": Object {
        "id": "seafood_fruit_mix#3",
        "pluginName": "hill_cooking_pot",
        "repositoryName": "sourcecred/eventide",
      },
    },
    "{\\"repositoryName\\":\\"sourcecred/eventide\\",\\"pluginName\\":\\"hill_cooking_pot\\",\\"id\\":\\"razorclaw_crab#2@included_in@seafood_fruit_mix#3\\"}": Object {
      "dst": Object {
        "id": "razorclaw_crab#2",
        "pluginName": "hill_cooking_pot",
        "repositoryName": "sourcecred/eventide",
      },
      "payload": Object {},
      "src": Object {
        "id": "seafood_fruit_mix#3",
        "pluginName": "hill_cooking_pot",
        "repositoryName": "sourcecred/eventide",
      },
    },
  },
  "nodes": Object {
    "{\\"repositoryName\\":\\"sourcecred/eventide\\",\\"pluginName\\":\\"hill_cooking_pot\\",\\"id\\":\\"hero_of_time#0\\"}": Object {
      "payload": Object {},
    },
    "{\\"repositoryName\\":\\"sourcecred/eventide\\",\\"pluginName\\":\\"hill_cooking_pot\\",\\"id\\":\\"mighty_bananas#1\\"}": Object {
      "payload": Object {},
    },
    "{\\"repositoryName\\":\\"sourcecred/eventide\\",\\"pluginName\\":\\"hill_cooking_pot\\",\\"id\\":\\"razorclaw_crab#2\\"}": Object {
      "payload": Object {},
    },
    "{\\"repositoryName\\":\\"sourcecred/eventide\\",\\"pluginName\\":\\"hill_cooking_pot\\",\\"id\\":\\"seafood_fruit_mix#3\\"}": Object {
      "payload": Object {
        "effect": Array [
          "attack_power",
          1,
        ],
      },
    },
  },
}
`;
