// Jest Snapshot v1, https://goo.gl/fbAQLP

exports[`plugins/github/createGraph example graph matches snapshot 1`] = `
Array [
  Object {
    "type": "sourcecred/graph",
    "version": "0.5.0",
  },
  Object {
    "edges": Array [
      Object {
        "address": Array [
          "sourcecred",
          "github",
          "AUTHORS",
          "5",
          "sourcecred",
          "github",
          "USERLIKE",
          "BOT",
          "credbot",
          "4",
          "sourcecred",
          "github",
          "COMMIT",
          "MDY6Q29tbWl0MTIzMjU1MDA2OmM0MzBiZDc0NDU1MTA1Zjc3MjE1ZWNlNTE5NDUwOTRjZWVlZTZjODY=",
        ],
        "dstIndex": 28,
        "srcIndex": 47,
      },
      Object {
        "address": Array [
          "sourcecred",
          "github",
          "AUTHORS",
          "5",
          "sourcecred",
          "github",
          "USERLIKE",
          "BOT",
          "credbot",
          "8",
          "sourcecred",
          "github",
          "COMMENT",
          "ISSUE",
          "sourcecred",
          "example-github",
          "6",
          "417104047",
        ],
        "dstIndex": 21,
        "srcIndex": 47,
      },
      Object {
        "address": Array [
          "sourcecred",
          "github",
          "AUTHORS",
          "5",
          "sourcecred",
          "github",
          "USERLIKE",
          "USER",
          "decentralion",
          "4",
          "sourcecred",
          "github",
          "COMMIT",
          "MDY6Q29tbWl0MTIzMjU1MDA2OjBhMjIzMzQ2YjRlNmRlYzAxMjdiMWU2YWE4OTJjNGVlMDQyNGI2NmE=",
        ],
        "dstIndex": 25,
        "srcIndex": 48,
      },
      Object {
        "address": Array [
          "sourcecred",
          "github",
          "AUTHORS",
          "5",
          "sourcecred",
          "github",
          "USERLIKE",
          "USER",
          "decentralion",
          "4",
          "sourcecred",
          "github",
          "COMMIT",
          "MDY6Q29tbWl0MTIzMjU1MDA2OjZkNWIzYWEzMWViYjY4YTA2Y2ViNDZiYmQ2Y2Y0OWI2Y2NkNmY1ZTY=",
        ],
        "dstIndex": 27,
        "srcIndex": 48,
      },
      Object {
        "address": Array [
          "sourcecred",
          "github",
          "AUTHORS",
          "5",
          "sourcecred",
          "github",
          "USERLIKE",
          "USER",
          "decentralion",
          "4",
          "sourcecred",
          "github",
          "COMMIT",
          "MDY6Q29tbWl0MTIzMjU1MDA2OmVjOTFhZGI3MThhNjA0NWI0OTIzMDNmMDBkOGU4YmViOTU3ZGM3ODA=",
        ],
        "dstIndex": 29,
        "srcIndex": 48,
      },
      Object {
        "address": Array [
          "sourcecred",
          "github",
          "AUTHORS",
          "5",
          "sourcecred",
          "github",
          "USERLIKE",
          "USER",
          "decentralion",
          "4",
          "sourcecred",
          "github",
          "COMMIT",
          "MDY6Q29tbWl0MTIzMjU1MDA2OmVjYzg4OWRjOTRjZjZkYTE3YWU2ZWFiNWJiN2I3MTU1ZjU3NzUxOWQ=",
        ],
        "dstIndex": 30,
        "srcIndex": 48,
      },
      Object {
        "address": Array [
          "sourcecred",
          "github",
          "AUTHORS",
          "5",
          "sourcecred",
          "github",
          "USERLIKE",
          "USER",
          "decentralion",
          "6",
          "sourcecred",
          "github",
          "ISSUE",
          "sourcecred",
          "example-github",
          "1",
        ],
        "dstIndex": 31,
        "srcIndex": 48,
      },
      Object {
        "address": Array [
          "sourcecred",
          "github",
          "AUTHORS",
          "5",
          "sourcecred",
          "github",
          "USERLIKE",
          "USER",
          "decentralion",
          "6",
          "sourcecred",
          "github",
          "ISSUE",
          "sourcecred",
          "example-github",
          "10",
        ],
        "dstIndex": 32,
        "srcIndex": 48,
      },
      Object {
        "address": Array [
          "sourcecred",
          "github",
          "AUTHORS",
          "5",
          "sourcecred",
          "github",
          "USERLIKE",
          "USER",
          "decentralion",
          "6",
          "sourcecred",
          "github",
          "ISSUE",
          "sourcecred",
          "example-github",
          "12",
        ],
        "dstIndex": 34,
        "srcIndex": 48,
      },
      Object {
        "address": Array [
          "sourcecred",
          "github",
          "AUTHORS",
          "5",
          "sourcecred",
          "github",
          "USERLIKE",
          "USER",
          "decentralion",
          "6",
          "sourcecred",
          "github",
          "ISSUE",
          "sourcecred",
          "example-github",
          "13",
        ],
        "dstIndex": 35,
        "srcIndex": 48,
      },
      Object {
        "address": Array [
          "sourcecred",
          "github",
          "AUTHORS",
          "5",
          "sourcecred",
          "github",
          "USERLIKE",
          "USER",
          "decentralion",
          "6",
          "sourcecred",
          "github",
          "ISSUE",
          "sourcecred",
          "example-github",
          "2",
        ],
        "dstIndex": 36,
        "srcIndex": 48,
      },
      Object {
        "address": Array [
          "sourcecred",
          "github",
          "AUTHORS",
          "5",
          "sourcecred",
          "github",
          "USERLIKE",
          "USER",
          "decentralion",
          "6",
          "sourcecred",
          "github",
          "ISSUE",
          "sourcecred",
          "example-github",
          "4",
        ],
        "dstIndex": 37,
        "srcIndex": 48,
      },
      Object {
        "address": Array [
          "sourcecred",
          "github",
          "AUTHORS",
          "5",
          "sourcecred",
          "github",
          "USERLIKE",
          "USER",
          "decentralion",
          "6",
          "sourcecred",
          "github",
          "ISSUE",
          "sourcecred",
          "example-github",
          "6",
        ],
        "dstIndex": 38,
        "srcIndex": 48,
      },
      Object {
        "address": Array [
          "sourcecred",
          "github",
          "AUTHORS",
          "5",
          "sourcecred",
          "github",
          "USERLIKE",
          "USER",
          "decentralion",
          "6",
          "sourcecred",
          "github",
          "ISSUE",
          "sourcecred",
          "example-github",
          "7",
        ],
        "dstIndex": 39,
        "srcIndex": 48,
      },
      Object {
        "address": Array [
          "sourcecred",
          "github",
          "AUTHORS",
          "5",
          "sourcecred",
          "github",
          "USERLIKE",
          "USER",
          "decentralion",
          "6",
          "sourcecred",
          "github",
          "ISSUE",
          "sourcecred",
          "example-github",
          "8",
        ],
        "dstIndex": 40,
        "srcIndex": 48,
      },
      Object {
        "address": Array [
          "sourcecred",
          "github",
          "AUTHORS",
          "5",
          "sourcecred",
          "github",
          "USERLIKE",
          "USER",
          "decentralion",
          "6",
          "sourcecred",
          "github",
          "PULL",
          "sourcecred",
          "example-github",
          "3",
        ],
        "dstIndex": 41,
        "srcIndex": 48,
      },
      Object {
        "address": Array [
          "sourcecred",
          "github",
          "AUTHORS",
          "5",
          "sourcecred",
          "github",
          "USERLIKE",
          "USER",
          "decentralion",
          "6",
          "sourcecred",
          "github",
          "PULL",
          "sourcecred",
          "example-github",
          "5",
        ],
        "dstIndex": 42,
        "srcIndex": 48,
      },
      Object {
        "address": Array [
          "sourcecred",
          "github",
          "AUTHORS",
          "5",
          "sourcecred",
          "github",
          "USERLIKE",
          "USER",
          "decentralion",
          "6",
          "sourcecred",
          "github",
          "PULL",
          "sourcecred",
          "example-github",
          "9",
        ],
        "dstIndex": 43,
        "srcIndex": 48,
      },
      Object {
        "address": Array [
          "sourcecred",
          "github",
          "AUTHORS",
          "5",
          "sourcecred",
          "github",
          "USERLIKE",
          "USER",
          "decentralion",
          "8",
          "sourcecred",
          "github",
          "COMMENT",
          "ISSUE",
          "sourcecred",
          "example-github",
          "11",
          "420813621",
        ],
        "dstIndex": 9,
        "srcIndex": 48,
      },
      Object {
        "address": Array [
          "sourcecred",
          "github",
          "AUTHORS",
          "5",
          "sourcecred",
          "github",
          "USERLIKE",
          "USER",
          "decentralion",
          "8",
          "sourcecred",
          "github",
          "COMMENT",
          "ISSUE",
          "sourcecred",
          "example-github",
          "2",
          "373768703",
        ],
        "dstIndex": 10,
        "srcIndex": 48,
      },
      Object {
        "address": Array [
          "sourcecred",
          "github",
          "AUTHORS",
          "5",
          "sourcecred",
          "github",
          "USERLIKE",
          "USER",
          "decentralion",
          "8",
          "sourcecred",
          "github",
          "COMMENT",
          "ISSUE",
          "sourcecred",
          "example-github",
          "2",
          "373768850",
        ],
        "dstIndex": 11,
        "srcIndex": 48,
      },
      Object {
        "address": Array [
          "sourcecred",
          "github",
          "AUTHORS",
          "5",
          "sourcecred",
          "github",
          "USERLIKE",
          "USER",
          "decentralion",
          "8",
          "sourcecred",
          "github",
          "COMMENT",
          "ISSUE",
          "sourcecred",
          "example-github",
          "2",
          "385576185",
        ],
        "dstIndex": 12,
        "srcIndex": 48,
      },
      Object {
        "address": Array [
          "sourcecred",
          "github",
          "AUTHORS",
          "5",
          "sourcecred",
          "github",
          "USERLIKE",
          "USER",
          "decentralion",
          "8",
          "sourcecred",
          "github",
          "COMMENT",
          "ISSUE",
          "sourcecred",
          "example-github",
          "2",
          "385576220",
        ],
        "dstIndex": 13,
        "srcIndex": 48,
      },
      Object {
        "address": Array [
          "sourcecred",
          "github",
          "AUTHORS",
          "5",
          "sourcecred",
          "github",
          "USERLIKE",
          "USER",
          "decentralion",
          "8",
          "sourcecred",
          "github",
          "COMMENT",
          "ISSUE",
          "sourcecred",
          "example-github",
          "2",
          "385576248",
        ],
        "dstIndex": 14,
        "srcIndex": 48,
      },
      Object {
        "address": Array [
          "sourcecred",
          "github",
          "AUTHORS",
          "5",
          "sourcecred",
          "github",
          "USERLIKE",
          "USER",
          "decentralion",
          "8",
          "sourcecred",
          "github",
          "COMMENT",
          "ISSUE",
          "sourcecred",
          "example-github",
          "2",
          "385576273",
        ],
        "dstIndex": 15,
        "srcIndex": 48,
      },
      Object {
        "address": Array [
          "sourcecred",
          "github",
          "AUTHORS",
          "5",
          "sourcecred",
          "github",
          "USERLIKE",
          "USER",
          "decentralion",
          "8",
          "sourcecred",
          "github",
          "COMMENT",
          "ISSUE",
          "sourcecred",
          "example-github",
          "2",
          "385576920",
        ],
        "dstIndex": 16,
        "srcIndex": 48,
      },
      Object {
        "address": Array [
          "sourcecred",
          "github",
          "AUTHORS",
          "5",
          "sourcecred",
          "github",
          "USERLIKE",
          "USER",
          "decentralion",
          "8",
          "sourcecred",
          "github",
          "COMMENT",
          "ISSUE",
          "sourcecred",
          "example-github",
          "2",
          "385576936",
        ],
        "dstIndex": 17,
        "srcIndex": 48,
      },
      Object {
        "address": Array [
          "sourcecred",
          "github",
          "AUTHORS",
          "5",
          "sourcecred",
          "github",
          "USERLIKE",
          "USER",
          "decentralion",
          "8",
          "sourcecred",
          "github",
          "COMMENT",
          "ISSUE",
          "sourcecred",
          "example-github",
          "6",
          "373768442",
        ],
        "dstIndex": 18,
        "srcIndex": 48,
      },
      Object {
        "address": Array [
          "sourcecred",
          "github",
          "AUTHORS",
          "5",
          "sourcecred",
          "github",
          "USERLIKE",
          "USER",
          "decentralion",
          "8",
          "sourcecred",
          "github",
          "COMMENT",
          "ISSUE",
          "sourcecred",
          "example-github",
          "6",
          "373768538",
        ],
        "dstIndex": 19,
        "srcIndex": 48,
      },
      Object {
        "address": Array [
          "sourcecred",
          "github",
          "AUTHORS",
          "5",
          "sourcecred",
          "github",
          "USERLIKE",
          "USER",
          "decentralion",
          "8",
          "sourcecred",
          "github",
          "COMMENT",
          "ISSUE",
          "sourcecred",
          "example-github",
          "6",
          "385223316",
        ],
        "dstIndex": 20,
        "srcIndex": 48,
      },
      Object {
        "address": Array [
          "sourcecred",
          "github",
          "AUTHORS",
          "5",
          "sourcecred",
          "github",
          "USERLIKE",
          "USER",
          "decentralion",
          "8",
          "sourcecred",
          "github",
          "COMMENT",
          "PULL",
          "sourcecred",
          "example-github",
          "3",
          "369162222",
        ],
        "dstIndex": 22,
        "srcIndex": 48,
      },
      Object {
        "address": Array [
          "sourcecred",
          "github",
          "AUTHORS",
          "5",
          "sourcecred",
          "github",
          "USERLIKE",
          "USER",
          "wchargin",
          "6",
          "sourcecred",
          "github",
          "ISSUE",
          "sourcecred",
          "example-github",
          "10",
        ],
        "dstIndex": 32,
        "srcIndex": 49,
      },
      Object {
        "address": Array [
          "sourcecred",
          "github",
          "AUTHORS",
          "5",
          "sourcecred",
          "github",
          "USERLIKE",
          "USER",
          "wchargin",
          "6",
          "sourcecred",
          "github",
          "ISSUE",
          "sourcecred",
          "example-github",
          "11",
        ],
        "dstIndex": 33,
        "srcIndex": 49,
      },
      Object {
        "address": Array [
          "sourcecred",
          "github",
          "AUTHORS",
          "5",
          "sourcecred",
          "github",
          "USERLIKE",
          "USER",
          "wchargin",
          "6",
          "sourcecred",
          "github",
          "PULL",
          "sourcecred",
          "example-github",
          "9",
        ],
        "dstIndex": 43,
        "srcIndex": 49,
      },
      Object {
        "address": Array [
          "sourcecred",
          "github",
          "AUTHORS",
          "5",
          "sourcecred",
          "github",
          "USERLIKE",
          "USER",
          "wchargin",
          "7",
          "sourcecred",
          "github",
          "REVIEW",
          "sourcecred",
          "example-github",
          "5",
          "100313899",
        ],
        "dstIndex": 45,
        "srcIndex": 49,
      },
      Object {
        "address": Array [
          "sourcecred",
          "github",
          "AUTHORS",
          "5",
          "sourcecred",
          "github",
          "USERLIKE",
          "USER",
          "wchargin",
          "7",
          "sourcecred",
          "github",
          "REVIEW",
          "sourcecred",
          "example-github",
          "5",
          "100314038",
        ],
        "dstIndex": 46,
        "srcIndex": 49,
      },
      Object {
        "address": Array [
          "sourcecred",
          "github",
          "AUTHORS",
          "5",
          "sourcecred",
          "github",
          "USERLIKE",
          "USER",
          "wchargin",
          "8",
          "sourcecred",
          "github",
          "COMMENT",
          "ISSUE",
          "sourcecred",
          "example-github",
          "11",
          "420813013",
        ],
        "dstIndex": 7,
        "srcIndex": 49,
      },
      Object {
        "address": Array [
          "sourcecred",
          "github",
          "AUTHORS",
          "5",
          "sourcecred",
          "github",
          "USERLIKE",
          "USER",
          "wchargin",
          "8",
          "sourcecred",
          "github",
          "COMMENT",
          "PULL",
          "sourcecred",
          "example-github",
          "5",
          "396430464",
        ],
        "dstIndex": 23,
        "srcIndex": 49,
      },
      Object {
        "address": Array [
          "sourcecred",
          "github",
          "AUTHORS",
          "5",
          "sourcecred",
          "github",
          "USERLIKE",
          "USER",
          "wchargin",
          "9",
          "sourcecred",
          "github",
          "COMMENT",
          "REVIEW",
          "sourcecred",
          "example-github",
          "5",
          "100313899",
          "171460198",
        ],
        "dstIndex": 24,
        "srcIndex": 49,
      },
      Object {
        "address": Array [
          "sourcecred",
          "github",
          "CORRESPONDS_TO_COMMIT_TYPE",
          "4",
          "sourcecred",
          "github",
          "COMMIT",
          "MDY6Q29tbWl0MTIzMjU1MDA2OjBhMjIzMzQ2YjRlNmRlYzAxMjdiMWU2YWE4OTJjNGVlMDQyNGI2NmE=",
        ],
        "dstIndex": 0,
        "srcIndex": 25,
      },
      Object {
        "address": Array [
          "sourcecred",
          "github",
          "CORRESPONDS_TO_COMMIT_TYPE",
          "4",
          "sourcecred",
          "github",
          "COMMIT",
          "MDY6Q29tbWl0MTIzMjU1MDA2OjZiZDFiNGMwYjcxOWMyMmM2ODhhNzQ4NjNiZTA3YTY5OWI3YjliMzQ=",
        ],
        "dstIndex": 1,
        "srcIndex": 26,
      },
      Object {
        "address": Array [
          "sourcecred",
          "github",
          "CORRESPONDS_TO_COMMIT_TYPE",
          "4",
          "sourcecred",
          "github",
          "COMMIT",
          "MDY6Q29tbWl0MTIzMjU1MDA2OjZkNWIzYWEzMWViYjY4YTA2Y2ViNDZiYmQ2Y2Y0OWI2Y2NkNmY1ZTY=",
        ],
        "dstIndex": 2,
        "srcIndex": 27,
      },
      Object {
        "address": Array [
          "sourcecred",
          "github",
          "CORRESPONDS_TO_COMMIT_TYPE",
          "4",
          "sourcecred",
          "github",
          "COMMIT",
          "MDY6Q29tbWl0MTIzMjU1MDA2OmM0MzBiZDc0NDU1MTA1Zjc3MjE1ZWNlNTE5NDUwOTRjZWVlZTZjODY=",
        ],
        "dstIndex": 3,
        "srcIndex": 28,
      },
      Object {
        "address": Array [
          "sourcecred",
          "github",
          "CORRESPONDS_TO_COMMIT_TYPE",
          "4",
          "sourcecred",
          "github",
          "COMMIT",
          "MDY6Q29tbWl0MTIzMjU1MDA2OmVjOTFhZGI3MThhNjA0NWI0OTIzMDNmMDBkOGU4YmViOTU3ZGM3ODA=",
        ],
        "dstIndex": 4,
        "srcIndex": 29,
      },
      Object {
        "address": Array [
          "sourcecred",
          "github",
          "CORRESPONDS_TO_COMMIT_TYPE",
          "4",
          "sourcecred",
          "github",
          "COMMIT",
          "MDY6Q29tbWl0MTIzMjU1MDA2OmVjYzg4OWRjOTRjZjZkYTE3YWU2ZWFiNWJiN2I3MTU1ZjU3NzUxOWQ=",
        ],
        "dstIndex": 5,
        "srcIndex": 30,
      },
      Object {
        "address": Array [
          "sourcecred",
          "github",
          "HAS_PARENT",
          "6",
          "sourcecred",
          "github",
          "ISSUE",
          "sourcecred",
          "example-github",
          "1",
        ],
        "dstIndex": 44,
        "srcIndex": 31,
      },
      Object {
        "address": Array [
          "sourcecred",
          "github",
          "HAS_PARENT",
          "6",
          "sourcecred",
          "github",
          "ISSUE",
          "sourcecred",
          "example-github",
          "10",
        ],
        "dstIndex": 44,
        "srcIndex": 32,
      },
      Object {
        "address": Array [
          "sourcecred",
          "github",
          "HAS_PARENT",
          "6",
          "sourcecred",
          "github",
          "ISSUE",
          "sourcecred",
          "example-github",
          "11",
        ],
        "dstIndex": 44,
        "srcIndex": 33,
      },
      Object {
        "address": Array [
          "sourcecred",
          "github",
          "HAS_PARENT",
          "6",
          "sourcecred",
          "github",
          "ISSUE",
          "sourcecred",
          "example-github",
          "12",
        ],
        "dstIndex": 44,
        "srcIndex": 34,
      },
      Object {
        "address": Array [
          "sourcecred",
          "github",
          "HAS_PARENT",
          "6",
          "sourcecred",
          "github",
          "ISSUE",
          "sourcecred",
          "example-github",
          "13",
        ],
        "dstIndex": 44,
        "srcIndex": 35,
      },
      Object {
        "address": Array [
          "sourcecred",
          "github",
          "HAS_PARENT",
          "6",
          "sourcecred",
          "github",
          "ISSUE",
          "sourcecred",
          "example-github",
          "2",
        ],
        "dstIndex": 44,
        "srcIndex": 36,
      },
      Object {
        "address": Array [
          "sourcecred",
          "github",
          "HAS_PARENT",
          "6",
          "sourcecred",
          "github",
          "ISSUE",
          "sourcecred",
          "example-github",
          "4",
        ],
        "dstIndex": 44,
        "srcIndex": 37,
      },
      Object {
        "address": Array [
          "sourcecred",
          "github",
          "HAS_PARENT",
          "6",
          "sourcecred",
          "github",
          "ISSUE",
          "sourcecred",
          "example-github",
          "6",
        ],
        "dstIndex": 44,
        "srcIndex": 38,
      },
      Object {
        "address": Array [
          "sourcecred",
          "github",
          "HAS_PARENT",
          "6",
          "sourcecred",
          "github",
          "ISSUE",
          "sourcecred",
          "example-github",
          "7",
        ],
        "dstIndex": 44,
        "srcIndex": 39,
      },
      Object {
        "address": Array [
          "sourcecred",
          "github",
          "HAS_PARENT",
          "6",
          "sourcecred",
          "github",
          "ISSUE",
          "sourcecred",
          "example-github",
          "8",
        ],
        "dstIndex": 44,
        "srcIndex": 40,
      },
      Object {
        "address": Array [
          "sourcecred",
          "github",
          "HAS_PARENT",
          "6",
          "sourcecred",
          "github",
          "PULL",
          "sourcecred",
          "example-github",
          "3",
        ],
        "dstIndex": 44,
        "srcIndex": 41,
      },
      Object {
        "address": Array [
          "sourcecred",
          "github",
          "HAS_PARENT",
          "6",
          "sourcecred",
          "github",
          "PULL",
          "sourcecred",
          "example-github",
          "5",
        ],
        "dstIndex": 44,
        "srcIndex": 42,
      },
      Object {
        "address": Array [
          "sourcecred",
          "github",
          "HAS_PARENT",
          "6",
          "sourcecred",
          "github",
          "PULL",
          "sourcecred",
          "example-github",
          "9",
        ],
        "dstIndex": 44,
        "srcIndex": 43,
      },
      Object {
        "address": Array [
          "sourcecred",
          "github",
          "HAS_PARENT",
          "7",
          "sourcecred",
          "github",
          "REVIEW",
          "sourcecred",
          "example-github",
          "5",
          "100313899",
        ],
        "dstIndex": 42,
        "srcIndex": 45,
      },
      Object {
        "address": Array [
          "sourcecred",
          "github",
          "HAS_PARENT",
          "7",
          "sourcecred",
          "github",
          "REVIEW",
          "sourcecred",
          "example-github",
          "5",
          "100314038",
        ],
        "dstIndex": 42,
        "srcIndex": 46,
      },
      Object {
        "address": Array [
          "sourcecred",
          "github",
          "HAS_PARENT",
          "8",
          "sourcecred",
          "github",
          "COMMENT",
          "ISSUE",
          "sourcecred",
          "example-github",
          "11",
          "420811872",
        ],
        "dstIndex": 33,
        "srcIndex": 6,
      },
      Object {
        "address": Array [
          "sourcecred",
          "github",
          "HAS_PARENT",
          "8",
          "sourcecred",
          "github",
          "COMMENT",
          "ISSUE",
          "sourcecred",
          "example-github",
          "11",
          "420813013",
        ],
        "dstIndex": 33,
        "srcIndex": 7,
      },
      Object {
        "address": Array [
          "sourcecred",
          "github",
          "HAS_PARENT",
          "8",
          "sourcecred",
          "github",
          "COMMENT",
          "ISSUE",
          "sourcecred",
          "example-github",
          "11",
          "420813206",
        ],
        "dstIndex": 33,
        "srcIndex": 8,
      },
      Object {
        "address": Array [
          "sourcecred",
          "github",
          "HAS_PARENT",
          "8",
          "sourcecred",
          "github",
          "COMMENT",
          "ISSUE",
          "sourcecred",
          "example-github",
          "11",
          "420813621",
        ],
        "dstIndex": 33,
        "srcIndex": 9,
      },
      Object {
        "address": Array [
          "sourcecred",
          "github",
          "HAS_PARENT",
          "8",
          "sourcecred",
          "github",
          "COMMENT",
          "ISSUE",
          "sourcecred",
          "example-github",
          "2",
          "373768703",
        ],
        "dstIndex": 36,
        "srcIndex": 10,
      },
      Object {
        "address": Array [
          "sourcecred",
          "github",
          "HAS_PARENT",
          "8",
          "sourcecred",
          "github",
          "COMMENT",
          "ISSUE",
          "sourcecred",
          "example-github",
          "2",
          "373768850",
        ],
        "dstIndex": 36,
        "srcIndex": 11,
      },
      Object {
        "address": Array [
          "sourcecred",
          "github",
          "HAS_PARENT",
          "8",
          "sourcecred",
          "github",
          "COMMENT",
          "ISSUE",
          "sourcecred",
          "example-github",
          "2",
          "385576185",
        ],
        "dstIndex": 36,
        "srcIndex": 12,
      },
      Object {
        "address": Array [
          "sourcecred",
          "github",
          "HAS_PARENT",
          "8",
          "sourcecred",
          "github",
          "COMMENT",
          "ISSUE",
          "sourcecred",
          "example-github",
          "2",
          "385576220",
        ],
        "dstIndex": 36,
        "srcIndex": 13,
      },
      Object {
        "address": Array [
          "sourcecred",
          "github",
          "HAS_PARENT",
          "8",
          "sourcecred",
          "github",
          "COMMENT",
          "ISSUE",
          "sourcecred",
          "example-github",
          "2",
          "385576248",
        ],
        "dstIndex": 36,
        "srcIndex": 14,
      },
      Object {
        "address": Array [
          "sourcecred",
          "github",
          "HAS_PARENT",
          "8",
          "sourcecred",
          "github",
          "COMMENT",
          "ISSUE",
          "sourcecred",
          "example-github",
          "2",
          "385576273",
        ],
        "dstIndex": 36,
        "srcIndex": 15,
      },
      Object {
        "address": Array [
          "sourcecred",
          "github",
          "HAS_PARENT",
          "8",
          "sourcecred",
          "github",
          "COMMENT",
          "ISSUE",
          "sourcecred",
          "example-github",
          "2",
          "385576920",
        ],
        "dstIndex": 36,
        "srcIndex": 16,
      },
      Object {
        "address": Array [
          "sourcecred",
          "github",
          "HAS_PARENT",
          "8",
          "sourcecred",
          "github",
          "COMMENT",
          "ISSUE",
          "sourcecred",
          "example-github",
          "2",
          "385576936",
        ],
        "dstIndex": 36,
        "srcIndex": 17,
      },
      Object {
        "address": Array [
          "sourcecred",
          "github",
          "HAS_PARENT",
          "8",
          "sourcecred",
          "github",
          "COMMENT",
          "ISSUE",
          "sourcecred",
          "example-github",
          "6",
          "373768442",
        ],
        "dstIndex": 38,
        "srcIndex": 18,
      },
      Object {
        "address": Array [
          "sourcecred",
          "github",
          "HAS_PARENT",
          "8",
          "sourcecred",
          "github",
          "COMMENT",
          "ISSUE",
          "sourcecred",
          "example-github",
          "6",
          "373768538",
        ],
        "dstIndex": 38,
        "srcIndex": 19,
      },
      Object {
        "address": Array [
          "sourcecred",
          "github",
          "HAS_PARENT",
          "8",
          "sourcecred",
          "github",
          "COMMENT",
          "ISSUE",
          "sourcecred",
          "example-github",
          "6",
          "385223316",
        ],
        "dstIndex": 38,
        "srcIndex": 20,
      },
      Object {
        "address": Array [
          "sourcecred",
          "github",
          "HAS_PARENT",
          "8",
          "sourcecred",
          "github",
          "COMMENT",
          "ISSUE",
          "sourcecred",
          "example-github",
          "6",
          "417104047",
        ],
        "dstIndex": 38,
        "srcIndex": 21,
      },
      Object {
        "address": Array [
          "sourcecred",
          "github",
          "HAS_PARENT",
          "8",
          "sourcecred",
          "github",
          "COMMENT",
          "PULL",
          "sourcecred",
          "example-github",
          "3",
          "369162222",
        ],
        "dstIndex": 41,
        "srcIndex": 22,
      },
      Object {
        "address": Array [
          "sourcecred",
          "github",
          "HAS_PARENT",
          "8",
          "sourcecred",
          "github",
          "COMMENT",
          "PULL",
          "sourcecred",
          "example-github",
          "5",
          "396430464",
        ],
        "dstIndex": 42,
        "srcIndex": 23,
      },
      Object {
        "address": Array [
          "sourcecred",
          "github",
          "HAS_PARENT",
          "9",
          "sourcecred",
          "github",
          "COMMENT",
          "REVIEW",
          "sourcecred",
          "example-github",
          "5",
          "100313899",
          "171460198",
        ],
        "dstIndex": 45,
        "srcIndex": 24,
      },
      Object {
        "address": Array [
          "sourcecred",
          "github",
          "MENTIONS_AUTHOR",
          "6",
          "sourcecred",
          "github",
          "PULL",
          "sourcecred",
          "example-github",
          "5",
          "8",
          "sourcecred",
          "github",
          "COMMENT",
          "PULL",
          "sourcecred",
          "example-github",
          "5",
          "396430464",
          "5",
          "sourcecred",
          "github",
          "USERLIKE",
          "USER",
          "wchargin",
        ],
        "dstIndex": 23,
        "srcIndex": 42,
      },
      Object {
        "address": Array [
          "sourcecred",
          "github",
          "MERGED_AS",
          "6",
          "sourcecred",
          "github",
          "PULL",
          "sourcecred",
          "example-github",
          "3",
        ],
        "dstIndex": 25,
        "srcIndex": 41,
      },
      Object {
        "address": Array [
          "sourcecred",
          "github",
          "MERGED_AS",
          "6",
          "sourcecred",
          "github",
          "PULL",
          "sourcecred",
          "example-github",
          "5",
        ],
        "dstIndex": 27,
        "srcIndex": 42,
      },
      Object {
        "address": Array [
          "sourcecred",
          "github",
          "REACTS",
          "HEART",
          "5",
          "sourcecred",
          "github",
          "USERLIKE",
          "USER",
          "decentralion",
          "6",
          "sourcecred",
          "github",
          "ISSUE",
          "sourcecred",
          "example-github",
          "1",
        ],
        "dstIndex": 31,
        "srcIndex": 48,
      },
      Object {
        "address": Array [
          "sourcecred",
          "github",
          "REACTS",
          "HEART",
          "5",
          "sourcecred",
          "github",
          "USERLIKE",
          "USER",
          "decentralion",
          "6",
          "sourcecred",
          "github",
          "ISSUE",
          "sourcecred",
          "example-github",
          "13",
        ],
        "dstIndex": 35,
        "srcIndex": 48,
      },
      Object {
        "address": Array [
          "sourcecred",
          "github",
          "REACTS",
          "HEART",
          "5",
          "sourcecred",
          "github",
          "USERLIKE",
          "USER",
          "decentralion",
          "6",
          "sourcecred",
          "github",
          "PULL",
          "sourcecred",
          "example-github",
          "9",
        ],
        "dstIndex": 43,
        "srcIndex": 48,
      },
      Object {
        "address": Array [
          "sourcecred",
          "github",
          "REACTS",
          "HEART",
          "5",
          "sourcecred",
          "github",
          "USERLIKE",
          "USER",
          "decentralion",
          "8",
          "sourcecred",
          "github",
          "COMMENT",
          "PULL",
          "sourcecred",
          "example-github",
          "5",
          "396430464",
        ],
        "dstIndex": 23,
        "srcIndex": 48,
      },
      Object {
        "address": Array [
          "sourcecred",
          "github",
          "REACTS",
          "HEART",
          "5",
          "sourcecred",
          "github",
          "USERLIKE",
          "USER",
          "decentralion",
          "9",
          "sourcecred",
          "github",
          "COMMENT",
          "REVIEW",
          "sourcecred",
          "example-github",
          "5",
          "100313899",
          "171460198",
        ],
        "dstIndex": 24,
        "srcIndex": 48,
      },
      Object {
        "address": Array [
          "sourcecred",
          "github",
          "REACTS",
          "HEART",
          "5",
          "sourcecred",
          "github",
          "USERLIKE",
          "USER",
          "wchargin",
          "9",
          "sourcecred",
          "github",
          "COMMENT",
          "REVIEW",
          "sourcecred",
          "example-github",
          "5",
          "100313899",
          "171460198",
        ],
        "dstIndex": 24,
        "srcIndex": 49,
      },
      Object {
        "address": Array [
          "sourcecred",
          "github",
          "REACTS",
          "HOORAY",
          "5",
          "sourcecred",
          "github",
          "USERLIKE",
          "USER",
          "decentralion",
          "6",
          "sourcecred",
          "github",
          "ISSUE",
          "sourcecred",
          "example-github",
          "13",
        ],
        "dstIndex": 35,
        "srcIndex": 48,
      },
      Object {
        "address": Array [
          "sourcecred",
          "github",
          "REACTS",
          "HOORAY",
          "5",
          "sourcecred",
          "github",
          "USERLIKE",
          "USER",
          "decentralion",
          "8",
          "sourcecred",
          "github",
          "COMMENT",
          "ISSUE",
          "sourcecred",
          "example-github",
          "11",
          "420813206",
        ],
        "dstIndex": 8,
        "srcIndex": 48,
      },
      Object {
        "address": Array [
          "sourcecred",
          "github",
          "REACTS",
          "HOORAY",
          "5",
          "sourcecred",
          "github",
          "USERLIKE",
          "USER",
          "decentralion",
          "9",
          "sourcecred",
          "github",
          "COMMENT",
          "REVIEW",
          "sourcecred",
          "example-github",
          "5",
          "100313899",
          "171460198",
        ],
        "dstIndex": 24,
        "srcIndex": 48,
      },
      Object {
        "address": Array [
          "sourcecred",
          "github",
          "REACTS",
          "HOORAY",
          "5",
          "sourcecred",
          "github",
          "USERLIKE",
          "USER",
          "wchargin",
          "9",
          "sourcecred",
          "github",
          "COMMENT",
          "REVIEW",
          "sourcecred",
          "example-github",
          "5",
          "100313899",
          "171460198",
        ],
        "dstIndex": 24,
        "srcIndex": 49,
      },
      Object {
        "address": Array [
          "sourcecred",
          "github",
          "REACTS",
          "ROCKET",
          "5",
          "sourcecred",
          "github",
          "USERLIKE",
          "USER",
          "decentralion",
          "6",
          "sourcecred",
          "github",
          "ISSUE",
          "sourcecred",
          "example-github",
          "13",
        ],
        "dstIndex": 35,
        "srcIndex": 48,
      },
      Object {
        "address": Array [
          "sourcecred",
          "github",
          "REACTS",
          "THUMBS_UP",
          "5",
          "sourcecred",
          "github",
          "USERLIKE",
          "USER",
          "decentralion",
          "6",
          "sourcecred",
          "github",
          "ISSUE",
          "sourcecred",
          "example-github",
          "12",
        ],
        "dstIndex": 34,
        "srcIndex": 48,
      },
      Object {
        "address": Array [
          "sourcecred",
          "github",
          "REACTS",
          "THUMBS_UP",
          "5",
          "sourcecred",
          "github",
          "USERLIKE",
          "USER",
          "decentralion",
          "6",
          "sourcecred",
          "github",
          "ISSUE",
          "sourcecred",
          "example-github",
          "13",
        ],
        "dstIndex": 35,
        "srcIndex": 48,
      },
      Object {
        "address": Array [
          "sourcecred",
          "github",
          "REACTS",
          "THUMBS_UP",
          "5",
          "sourcecred",
          "github",
          "USERLIKE",
          "USER",
          "decentralion",
          "6",
          "sourcecred",
          "github",
          "PULL",
          "sourcecred",
          "example-github",
          "9",
        ],
        "dstIndex": 43,
        "srcIndex": 48,
      },
      Object {
        "address": Array [
          "sourcecred",
          "github",
          "REACTS",
          "THUMBS_UP",
          "5",
          "sourcecred",
          "github",
          "USERLIKE",
          "USER",
          "decentralion",
          "8",
          "sourcecred",
          "github",
          "COMMENT",
          "ISSUE",
          "sourcecred",
          "example-github",
          "11",
          "420813206",
        ],
        "dstIndex": 8,
        "srcIndex": 48,
      },
      Object {
        "address": Array [
          "sourcecred",
          "github",
          "REACTS",
          "THUMBS_UP",
          "5",
          "sourcecred",
          "github",
          "USERLIKE",
          "USER",
          "decentralion",
          "9",
          "sourcecred",
          "github",
          "COMMENT",
          "REVIEW",
          "sourcecred",
          "example-github",
          "5",
          "100313899",
          "171460198",
        ],
        "dstIndex": 24,
        "srcIndex": 48,
      },
      Object {
        "address": Array [
          "sourcecred",
          "github",
          "REACTS",
          "THUMBS_UP",
          "5",
          "sourcecred",
          "github",
          "USERLIKE",
          "USER",
          "wchargin",
          "9",
          "sourcecred",
          "github",
          "COMMENT",
          "REVIEW",
          "sourcecred",
          "example-github",
          "5",
          "100313899",
          "171460198",
        ],
        "dstIndex": 24,
        "srcIndex": 49,
      },
      Object {
        "address": Array [
          "sourcecred",
          "github",
          "REFERENCES",
          "4",
          "sourcecred",
          "github",
          "COMMIT",
          "MDY6Q29tbWl0MTIzMjU1MDA2OjBhMjIzMzQ2YjRlNmRlYzAxMjdiMWU2YWE4OTJjNGVlMDQyNGI2NmE=",
          "6",
          "sourcecred",
          "github",
          "PULL",
          "sourcecred",
          "example-github",
          "3",
        ],
        "dstIndex": 41,
        "srcIndex": 25,
      },
      Object {
        "address": Array [
          "sourcecred",
          "github",
          "REFERENCES",
          "4",
          "sourcecred",
          "github",
          "COMMIT",
          "MDY6Q29tbWl0MTIzMjU1MDA2OjZiZDFiNGMwYjcxOWMyMmM2ODhhNzQ4NjNiZTA3YTY5OWI3YjliMzQ=",
          "5",
          "sourcecred",
          "github",
          "USERLIKE",
          "USER",
          "wchargin",
        ],
        "dstIndex": 49,
        "srcIndex": 26,
      },
      Object {
        "address": Array [
          "sourcecred",
          "github",
          "REFERENCES",
          "4",
          "sourcecred",
          "github",
          "COMMIT",
          "MDY6Q29tbWl0MTIzMjU1MDA2OjZkNWIzYWEzMWViYjY4YTA2Y2ViNDZiYmQ2Y2Y0OWI2Y2NkNmY1ZTY=",
          "6",
          "sourcecred",
          "github",
          "PULL",
          "sourcecred",
          "example-github",
          "5",
        ],
        "dstIndex": 42,
        "srcIndex": 27,
      },
      Object {
        "address": Array [
          "sourcecred",
          "github",
          "REFERENCES",
          "4",
          "sourcecred",
          "github",
          "COMMIT",
          "MDY6Q29tbWl0MTIzMjU1MDA2OmM0MzBiZDc0NDU1MTA1Zjc3MjE1ZWNlNTE5NDUwOTRjZWVlZTZjODY=",
          "5",
          "sourcecred",
          "github",
          "USERLIKE",
          "USER",
          "wchargin",
        ],
        "dstIndex": 49,
        "srcIndex": 28,
      },
      Object {
        "address": Array [
          "sourcecred",
          "github",
          "REFERENCES",
          "6",
          "sourcecred",
          "github",
          "ISSUE",
          "sourcecred",
          "example-github",
          "10",
          "6",
          "sourcecred",
          "github",
          "ISSUE",
          "sourcecred",
          "example-github",
          "10",
        ],
        "dstIndex": 32,
        "srcIndex": 32,
      },
      Object {
        "address": Array [
          "sourcecred",
          "github",
          "REFERENCES",
          "6",
          "sourcecred",
          "github",
          "ISSUE",
          "sourcecred",
          "example-github",
          "10",
          "6",
          "sourcecred",
          "github",
          "ISSUE",
          "sourcecred",
          "example-github",
          "2",
        ],
        "dstIndex": 36,
        "srcIndex": 32,
      },
      Object {
        "address": Array [
          "sourcecred",
          "github",
          "REFERENCES",
          "6",
          "sourcecred",
          "github",
          "ISSUE",
          "sourcecred",
          "example-github",
          "12",
          "4",
          "sourcecred",
          "github",
          "COMMIT",
          "MDY6Q29tbWl0MTIzMjU1MDA2OmVjOTFhZGI3MThhNjA0NWI0OTIzMDNmMDBkOGU4YmViOTU3ZGM3ODA=",
        ],
        "dstIndex": 29,
        "srcIndex": 34,
      },
      Object {
        "address": Array [
          "sourcecred",
          "github",
          "REFERENCES",
          "6",
          "sourcecred",
          "github",
          "ISSUE",
          "sourcecred",
          "example-github",
          "12",
          "4",
          "sourcecred",
          "github",
          "COMMIT",
          "MDY6Q29tbWl0MTIzMjU1MDA2OmVjYzg4OWRjOTRjZjZkYTE3YWU2ZWFiNWJiN2I3MTU1ZjU3NzUxOWQ=",
        ],
        "dstIndex": 30,
        "srcIndex": 34,
      },
      Object {
        "address": Array [
          "sourcecred",
          "github",
          "REFERENCES",
          "6",
          "sourcecred",
          "github",
          "ISSUE",
          "sourcecred",
          "example-github",
          "2",
          "6",
          "sourcecred",
          "github",
          "ISSUE",
          "sourcecred",
          "example-github",
          "1",
        ],
        "dstIndex": 31,
        "srcIndex": 36,
      },
      Object {
        "address": Array [
          "sourcecred",
          "github",
          "REFERENCES",
          "6",
          "sourcecred",
          "github",
          "PULL",
          "sourcecred",
          "example-github",
          "5",
          "5",
          "sourcecred",
          "github",
          "USERLIKE",
          "USER",
          "wchargin",
        ],
        "dstIndex": 49,
        "srcIndex": 42,
      },
      Object {
        "address": Array [
          "sourcecred",
          "github",
          "REFERENCES",
          "8",
          "sourcecred",
          "github",
          "COMMENT",
          "ISSUE",
          "sourcecred",
          "example-github",
          "2",
          "373768703",
          "6",
          "sourcecred",
          "github",
          "ISSUE",
          "sourcecred",
          "example-github",
          "6",
        ],
        "dstIndex": 38,
        "srcIndex": 10,
      },
      Object {
        "address": Array [
          "sourcecred",
          "github",
          "REFERENCES",
          "8",
          "sourcecred",
          "github",
          "COMMENT",
          "ISSUE",
          "sourcecred",
          "example-github",
          "2",
          "373768850",
          "8",
          "sourcecred",
          "github",
          "COMMENT",
          "ISSUE",
          "sourcecred",
          "example-github",
          "6",
          "373768538",
        ],
        "dstIndex": 19,
        "srcIndex": 11,
      },
      Object {
        "address": Array [
          "sourcecred",
          "github",
          "REFERENCES",
          "8",
          "sourcecred",
          "github",
          "COMMENT",
          "ISSUE",
          "sourcecred",
          "example-github",
          "2",
          "385576185",
          "6",
          "sourcecred",
          "github",
          "PULL",
          "sourcecred",
          "example-github",
          "5",
        ],
        "dstIndex": 42,
        "srcIndex": 12,
      },
      Object {
        "address": Array [
          "sourcecred",
          "github",
          "REFERENCES",
          "8",
          "sourcecred",
          "github",
          "COMMENT",
          "ISSUE",
          "sourcecred",
          "example-github",
          "2",
          "385576220",
          "7",
          "sourcecred",
          "github",
          "REVIEW",
          "sourcecred",
          "example-github",
          "5",
          "100313899",
        ],
        "dstIndex": 45,
        "srcIndex": 13,
      },
      Object {
        "address": Array [
          "sourcecred",
          "github",
          "REFERENCES",
          "8",
          "sourcecred",
          "github",
          "COMMENT",
          "ISSUE",
          "sourcecred",
          "example-github",
          "2",
          "385576248",
          "9",
          "sourcecred",
          "github",
          "COMMENT",
          "REVIEW",
          "sourcecred",
          "example-github",
          "5",
          "100313899",
          "171460198",
        ],
        "dstIndex": 24,
        "srcIndex": 14,
      },
      Object {
        "address": Array [
          "sourcecred",
          "github",
          "REFERENCES",
          "8",
          "sourcecred",
          "github",
          "COMMENT",
          "ISSUE",
          "sourcecred",
          "example-github",
          "2",
          "385576273",
          "5",
          "sourcecred",
          "github",
          "USERLIKE",
          "USER",
          "wchargin",
        ],
        "dstIndex": 49,
        "srcIndex": 15,
      },
      Object {
        "address": Array [
          "sourcecred",
          "github",
          "REFERENCES",
          "8",
          "sourcecred",
          "github",
          "COMMENT",
          "ISSUE",
          "sourcecred",
          "example-github",
          "2",
          "385576920",
          "6",
          "sourcecred",
          "github",
          "ISSUE",
          "sourcecred",
          "example-github",
          "1",
        ],
        "dstIndex": 31,
        "srcIndex": 16,
      },
      Object {
        "address": Array [
          "sourcecred",
          "github",
          "REFERENCES",
          "8",
          "sourcecred",
          "github",
          "COMMENT",
          "ISSUE",
          "sourcecred",
          "example-github",
          "2",
          "385576920",
          "6",
          "sourcecred",
          "github",
          "ISSUE",
          "sourcecred",
          "example-github",
          "2",
        ],
        "dstIndex": 36,
        "srcIndex": 16,
      },
      Object {
        "address": Array [
          "sourcecred",
          "github",
          "REFERENCES",
          "8",
          "sourcecred",
          "github",
          "COMMENT",
          "ISSUE",
          "sourcecred",
          "example-github",
          "2",
          "385576920",
          "6",
          "sourcecred",
          "github",
          "PULL",
          "sourcecred",
          "example-github",
          "3",
        ],
        "dstIndex": 41,
        "srcIndex": 16,
      },
      Object {
        "address": Array [
          "sourcecred",
          "github",
          "REFERENCES",
          "8",
          "sourcecred",
          "github",
          "COMMENT",
          "ISSUE",
          "sourcecred",
          "example-github",
          "2",
          "385576920",
          "7",
          "sourcecred",
          "github",
          "REVIEW",
          "sourcecred",
          "example-github",
          "5",
          "100313899",
        ],
        "dstIndex": 45,
        "srcIndex": 16,
      },
      Object {
        "address": Array [
          "sourcecred",
          "github",
          "REFERENCES",
          "8",
          "sourcecred",
          "github",
          "COMMENT",
          "ISSUE",
          "sourcecred",
          "example-github",
          "2",
          "385576920",
          "9",
          "sourcecred",
          "github",
          "COMMENT",
          "REVIEW",
          "sourcecred",
          "example-github",
          "5",
          "100313899",
          "171460198",
        ],
        "dstIndex": 24,
        "srcIndex": 16,
      },
      Object {
        "address": Array [
          "sourcecred",
          "github",
          "REFERENCES",
          "8",
          "sourcecred",
          "github",
          "COMMENT",
          "ISSUE",
          "sourcecred",
          "example-github",
          "6",
          "385223316",
          "6",
          "sourcecred",
          "github",
          "ISSUE",
          "sourcecred",
          "example-github",
          "2",
        ],
        "dstIndex": 36,
        "srcIndex": 20,
      },
      Object {
        "address": Array [
          "sourcecred",
          "github",
          "REFERENCES",
          "8",
          "sourcecred",
          "github",
          "COMMENT",
          "PULL",
          "sourcecred",
          "example-github",
          "3",
          "369162222",
          "6",
          "sourcecred",
          "github",
          "ISSUE",
          "sourcecred",
          "example-github",
          "2",
        ],
        "dstIndex": 36,
        "srcIndex": 22,
      },
    ],
    "nodes": Array [
      Object {
        "index": 0,
      },
      Object {
        "index": 1,
      },
      Object {
        "index": 2,
      },
      Object {
        "index": 3,
      },
      Object {
        "index": 4,
      },
      Object {
        "index": 5,
      },
      Object {
        "index": 6,
      },
      Object {
        "index": 7,
      },
      Object {
        "index": 8,
      },
      Object {
        "index": 9,
      },
      Object {
        "index": 10,
      },
      Object {
        "index": 11,
      },
      Object {
        "index": 12,
      },
      Object {
        "index": 13,
      },
      Object {
        "index": 14,
      },
      Object {
        "index": 15,
      },
      Object {
        "index": 16,
      },
      Object {
        "index": 17,
      },
      Object {
        "index": 18,
      },
      Object {
        "index": 19,
      },
      Object {
        "index": 20,
      },
      Object {
        "index": 21,
      },
      Object {
        "index": 22,
      },
      Object {
        "index": 23,
      },
      Object {
        "index": 24,
      },
      Object {
        "index": 25,
      },
      Object {
        "index": 26,
      },
      Object {
        "index": 27,
      },
      Object {
        "index": 28,
      },
      Object {
        "index": 29,
      },
      Object {
        "index": 30,
      },
      Object {
        "index": 31,
      },
      Object {
        "index": 32,
      },
      Object {
        "index": 33,
      },
      Object {
        "index": 34,
      },
      Object {
        "index": 35,
      },
      Object {
        "index": 36,
      },
      Object {
        "index": 37,
      },
      Object {
        "index": 38,
      },
      Object {
        "index": 39,
      },
      Object {
        "index": 40,
      },
      Object {
        "index": 41,
      },
      Object {
        "index": 42,
      },
      Object {
        "index": 43,
      },
      Object {
        "index": 44,
      },
      Object {
        "index": 45,
      },
      Object {
        "index": 46,
      },
      Object {
        "index": 47,
      },
      Object {
        "index": 48,
      },
      Object {
        "index": 49,
      },
    ],
    "sortedNodeAddresses": Array [
      Array [
        "sourcecred",
        "git",
        "COMMIT",
        "0a223346b4e6dec0127b1e6aa892c4ee0424b66a",
      ],
      Array [
        "sourcecred",
        "git",
        "COMMIT",
        "6bd1b4c0b719c22c688a74863be07a699b7b9b34",
      ],
      Array [
        "sourcecred",
        "git",
        "COMMIT",
        "6d5b3aa31ebb68a06ceb46bbd6cf49b6ccd6f5e6",
      ],
      Array [
        "sourcecred",
        "git",
        "COMMIT",
        "c430bd74455105f77215ece51945094ceeee6c86",
      ],
      Array [
        "sourcecred",
        "git",
        "COMMIT",
        "ec91adb718a6045b492303f00d8e8beb957dc780",
      ],
      Array [
        "sourcecred",
        "git",
        "COMMIT",
        "ecc889dc94cf6da17ae6eab5bb7b7155f577519d",
      ],
      Array [
        "sourcecred",
        "github",
        "COMMENT",
        "ISSUE",
        "sourcecred",
        "example-github",
        "11",
        "420811872",
      ],
      Array [
        "sourcecred",
        "github",
        "COMMENT",
        "ISSUE",
        "sourcecred",
        "example-github",
        "11",
        "420813013",
      ],
      Array [
        "sourcecred",
        "github",
        "COMMENT",
        "ISSUE",
        "sourcecred",
        "example-github",
        "11",
        "420813206",
      ],
      Array [
        "sourcecred",
        "github",
        "COMMENT",
        "ISSUE",
        "sourcecred",
        "example-github",
        "11",
        "420813621",
      ],
      Array [
        "sourcecred",
        "github",
        "COMMENT",
        "ISSUE",
        "sourcecred",
        "example-github",
        "2",
        "373768703",
      ],
      Array [
        "sourcecred",
        "github",
        "COMMENT",
        "ISSUE",
        "sourcecred",
        "example-github",
        "2",
        "373768850",
      ],
      Array [
        "sourcecred",
        "github",
        "COMMENT",
        "ISSUE",
        "sourcecred",
        "example-github",
        "2",
        "385576185",
      ],
      Array [
        "sourcecred",
        "github",
        "COMMENT",
        "ISSUE",
        "sourcecred",
        "example-github",
        "2",
        "385576220",
      ],
      Array [
        "sourcecred",
        "github",
        "COMMENT",
        "ISSUE",
        "sourcecred",
        "example-github",
        "2",
        "385576248",
      ],
      Array [
        "sourcecred",
        "github",
        "COMMENT",
        "ISSUE",
        "sourcecred",
        "example-github",
        "2",
        "385576273",
      ],
      Array [
        "sourcecred",
        "github",
        "COMMENT",
        "ISSUE",
        "sourcecred",
        "example-github",
        "2",
        "385576920",
      ],
      Array [
        "sourcecred",
        "github",
        "COMMENT",
        "ISSUE",
        "sourcecred",
        "example-github",
        "2",
        "385576936",
      ],
      Array [
        "sourcecred",
        "github",
        "COMMENT",
        "ISSUE",
        "sourcecred",
        "example-github",
        "6",
        "373768442",
      ],
      Array [
        "sourcecred",
        "github",
        "COMMENT",
        "ISSUE",
        "sourcecred",
        "example-github",
        "6",
        "373768538",
      ],
      Array [
        "sourcecred",
        "github",
        "COMMENT",
        "ISSUE",
        "sourcecred",
        "example-github",
        "6",
        "385223316",
      ],
      Array [
        "sourcecred",
        "github",
        "COMMENT",
        "ISSUE",
        "sourcecred",
        "example-github",
        "6",
        "417104047",
      ],
      Array [
        "sourcecred",
        "github",
        "COMMENT",
        "PULL",
        "sourcecred",
        "example-github",
        "3",
        "369162222",
      ],
      Array [
        "sourcecred",
        "github",
        "COMMENT",
        "PULL",
        "sourcecred",
        "example-github",
        "5",
        "396430464",
      ],
      Array [
        "sourcecred",
        "github",
        "COMMENT",
        "REVIEW",
        "sourcecred",
        "example-github",
        "5",
        "100313899",
        "171460198",
      ],
      Array [
        "sourcecred",
        "github",
        "COMMIT",
        "MDY6Q29tbWl0MTIzMjU1MDA2OjBhMjIzMzQ2YjRlNmRlYzAxMjdiMWU2YWE4OTJjNGVlMDQyNGI2NmE=",
      ],
      Array [
        "sourcecred",
        "github",
        "COMMIT",
        "MDY6Q29tbWl0MTIzMjU1MDA2OjZiZDFiNGMwYjcxOWMyMmM2ODhhNzQ4NjNiZTA3YTY5OWI3YjliMzQ=",
      ],
      Array [
        "sourcecred",
        "github",
        "COMMIT",
        "MDY6Q29tbWl0MTIzMjU1MDA2OjZkNWIzYWEzMWViYjY4YTA2Y2ViNDZiYmQ2Y2Y0OWI2Y2NkNmY1ZTY=",
      ],
      Array [
        "sourcecred",
        "github",
        "COMMIT",
        "MDY6Q29tbWl0MTIzMjU1MDA2OmM0MzBiZDc0NDU1MTA1Zjc3MjE1ZWNlNTE5NDUwOTRjZWVlZTZjODY=",
      ],
      Array [
        "sourcecred",
        "github",
        "COMMIT",
        "MDY6Q29tbWl0MTIzMjU1MDA2OmVjOTFhZGI3MThhNjA0NWI0OTIzMDNmMDBkOGU4YmViOTU3ZGM3ODA=",
      ],
      Array [
        "sourcecred",
        "github",
        "COMMIT",
        "MDY6Q29tbWl0MTIzMjU1MDA2OmVjYzg4OWRjOTRjZjZkYTE3YWU2ZWFiNWJiN2I3MTU1ZjU3NzUxOWQ=",
      ],
      Array [
        "sourcecred",
        "github",
        "ISSUE",
        "sourcecred",
        "example-github",
        "1",
      ],
      Array [
        "sourcecred",
        "github",
        "ISSUE",
        "sourcecred",
        "example-github",
        "10",
      ],
      Array [
        "sourcecred",
        "github",
        "ISSUE",
        "sourcecred",
        "example-github",
        "11",
      ],
      Array [
        "sourcecred",
        "github",
        "ISSUE",
        "sourcecred",
        "example-github",
        "12",
      ],
      Array [
        "sourcecred",
        "github",
        "ISSUE",
        "sourcecred",
        "example-github",
        "13",
      ],
      Array [
        "sourcecred",
        "github",
        "ISSUE",
        "sourcecred",
        "example-github",
        "2",
      ],
      Array [
        "sourcecred",
        "github",
        "ISSUE",
        "sourcecred",
        "example-github",
        "4",
      ],
      Array [
        "sourcecred",
        "github",
        "ISSUE",
        "sourcecred",
        "example-github",
        "6",
      ],
      Array [
        "sourcecred",
        "github",
        "ISSUE",
        "sourcecred",
        "example-github",
        "7",
      ],
      Array [
        "sourcecred",
        "github",
        "ISSUE",
        "sourcecred",
        "example-github",
        "8",
      ],
      Array [
        "sourcecred",
        "github",
        "PULL",
        "sourcecred",
        "example-github",
        "3",
      ],
      Array [
        "sourcecred",
        "github",
        "PULL",
        "sourcecred",
        "example-github",
        "5",
      ],
      Array [
        "sourcecred",
        "github",
        "PULL",
        "sourcecred",
        "example-github",
        "9",
      ],
      Array [
        "sourcecred",
        "github",
        "REPO",
        "sourcecred",
        "example-github",
      ],
      Array [
        "sourcecred",
        "github",
        "REVIEW",
        "sourcecred",
        "example-github",
        "5",
        "100313899",
      ],
      Array [
        "sourcecred",
        "github",
        "REVIEW",
        "sourcecred",
        "example-github",
        "5",
        "100314038",
      ],
      Array [
        "sourcecred",
        "github",
        "USERLIKE",
        "BOT",
        "credbot",
      ],
      Array [
        "sourcecred",
        "github",
        "USERLIKE",
        "USER",
        "decentralion",
      ],
      Array [
        "sourcecred",
        "github",
        "USERLIKE",
        "USER",
        "wchargin",
      ],
    ],
  },
]
`;
