// Jest Snapshot v1, https://goo.gl/fbAQLP

exports[`plugins/github/referenceDetector referenceMapFromDB should work with an example DB, compared to the example RelationalView 1`] = `
Map {
  "https://github.com/decentralion" => Array [
    "sourcecred",
    "github",
    "USERLIKE",
    "USER",
    "decentralion",
  ],
  "https://github.com/wchargin" => Array [
    "sourcecred",
    "github",
    "USERLIKE",
    "USER",
    "wchargin",
  ],
  "https://github.com/credbot" => Array [
    "sourcecred",
    "github",
    "USERLIKE",
    "BOT",
    "credbot",
  ],
  "https://github.com/sourcecred-test/example-github/commit/6bd1b4c0b719c22c688a74863be07a699b7b9b34" => Array [
    "sourcecred",
    "github",
    "COMMIT",
    "MDY6Q29tbWl0MTIzMjU1MDA2OjZiZDFiNGMwYjcxOWMyMmM2ODhhNzQ4NjNiZTA3YTY5OWI3YjliMzQ=",
  ],
  "https://github.com/sourcecred-test/example-github/commit/0a223346b4e6dec0127b1e6aa892c4ee0424b66a" => Array [
    "sourcecred",
    "github",
    "COMMIT",
    "MDY6Q29tbWl0MTIzMjU1MDA2OjBhMjIzMzQ2YjRlNmRlYzAxMjdiMWU2YWE4OTJjNGVlMDQyNGI2NmE=",
  ],
  "https://github.com/sourcecred-test/example-github/commit/6d5b3aa31ebb68a06ceb46bbd6cf49b6ccd6f5e6" => Array [
    "sourcecred",
    "github",
    "COMMIT",
    "MDY6Q29tbWl0MTIzMjU1MDA2OjZkNWIzYWEzMWViYjY4YTA2Y2ViNDZiYmQ2Y2Y0OWI2Y2NkNmY1ZTY=",
  ],
  "https://github.com/sourcecred-test/example-github/commit/c430bd74455105f77215ece51945094ceeee6c86" => Array [
    "sourcecred",
    "github",
    "COMMIT",
    "MDY6Q29tbWl0MTIzMjU1MDA2OmM0MzBiZDc0NDU1MTA1Zjc3MjE1ZWNlNTE5NDUwOTRjZWVlZTZjODY=",
  ],
  "https://github.com/sourcecred-test/example-github/commit/ec91adb718a6045b492303f00d8e8beb957dc780" => Array [
    "sourcecred",
    "github",
    "COMMIT",
    "MDY6Q29tbWl0MTIzMjU1MDA2OmVjOTFhZGI3MThhNjA0NWI0OTIzMDNmMDBkOGU4YmViOTU3ZGM3ODA=",
  ],
  "https://github.com/sourcecred-test/example-github/commit/ecc889dc94cf6da17ae6eab5bb7b7155f577519d" => Array [
    "sourcecred",
    "github",
    "COMMIT",
    "MDY6Q29tbWl0MTIzMjU1MDA2OmVjYzg4OWRjOTRjZjZkYTE3YWU2ZWFiNWJiN2I3MTU1ZjU3NzUxOWQ=",
  ],
  "https://github.com/sourcecred-test/example-github" => Array [
    "sourcecred",
    "github",
    "REPO",
    "sourcecred-test",
    "example-github",
  ],
  "https://github.com/sourcecred-test/example-github/issues/1" => Array [
    "sourcecred",
    "github",
    "ISSUE",
    "sourcecred-test",
    "example-github",
    "1",
  ],
  "https://github.com/sourcecred-test/example-github/issues/2" => Array [
    "sourcecred",
    "github",
    "ISSUE",
    "sourcecred-test",
    "example-github",
    "2",
  ],
  "https://github.com/sourcecred-test/example-github/issues/4" => Array [
    "sourcecred",
    "github",
    "ISSUE",
    "sourcecred-test",
    "example-github",
    "4",
  ],
  "https://github.com/sourcecred-test/example-github/issues/6" => Array [
    "sourcecred",
    "github",
    "ISSUE",
    "sourcecred-test",
    "example-github",
    "6",
  ],
  "https://github.com/sourcecred-test/example-github/issues/7" => Array [
    "sourcecred",
    "github",
    "ISSUE",
    "sourcecred-test",
    "example-github",
    "7",
  ],
  "https://github.com/sourcecred-test/example-github/issues/8" => Array [
    "sourcecred",
    "github",
    "ISSUE",
    "sourcecred-test",
    "example-github",
    "8",
  ],
  "https://github.com/sourcecred-test/example-github/issues/10" => Array [
    "sourcecred",
    "github",
    "ISSUE",
    "sourcecred-test",
    "example-github",
    "10",
  ],
  "https://github.com/sourcecred-test/example-github/issues/11" => Array [
    "sourcecred",
    "github",
    "ISSUE",
    "sourcecred-test",
    "example-github",
    "11",
  ],
  "https://github.com/sourcecred-test/example-github/issues/12" => Array [
    "sourcecred",
    "github",
    "ISSUE",
    "sourcecred-test",
    "example-github",
    "12",
  ],
  "https://github.com/sourcecred-test/example-github/issues/13" => Array [
    "sourcecred",
    "github",
    "ISSUE",
    "sourcecred-test",
    "example-github",
    "13",
  ],
  "https://github.com/sourcecred-test/example-github/pull/3" => Array [
    "sourcecred",
    "github",
    "PULL",
    "sourcecred-test",
    "example-github",
    "3",
  ],
  "https://github.com/sourcecred-test/example-github/pull/5" => Array [
    "sourcecred",
    "github",
    "PULL",
    "sourcecred-test",
    "example-github",
    "5",
  ],
  "https://github.com/sourcecred-test/example-github/pull/9" => Array [
    "sourcecred",
    "github",
    "PULL",
    "sourcecred-test",
    "example-github",
    "9",
  ],
  "https://github.com/sourcecred-test/example-github/pull/5#pullrequestreview-100313899" => Array [
    "sourcecred",
    "github",
    "REVIEW",
    "sourcecred-test",
    "example-github",
    "5",
    "100313899",
  ],
  "https://github.com/sourcecred-test/example-github/pull/5#pullrequestreview-100314038" => Array [
    "sourcecred",
    "github",
    "REVIEW",
    "sourcecred-test",
    "example-github",
    "5",
    "100314038",
  ],
  "https://github.com/sourcecred-test/example-github/issues/2#issuecomment-373768703" => Array [
    "sourcecred",
    "github",
    "COMMENT",
    "ISSUE",
    "sourcecred-test",
    "example-github",
    "2",
    "373768703",
  ],
  "https://github.com/sourcecred-test/example-github/issues/2#issuecomment-373768850" => Array [
    "sourcecred",
    "github",
    "COMMENT",
    "ISSUE",
    "sourcecred-test",
    "example-github",
    "2",
    "373768850",
  ],
  "https://github.com/sourcecred-test/example-github/issues/2#issuecomment-385576185" => Array [
    "sourcecred",
    "github",
    "COMMENT",
    "ISSUE",
    "sourcecred-test",
    "example-github",
    "2",
    "385576185",
  ],
  "https://github.com/sourcecred-test/example-github/issues/2#issuecomment-385576220" => Array [
    "sourcecred",
    "github",
    "COMMENT",
    "ISSUE",
    "sourcecred-test",
    "example-github",
    "2",
    "385576220",
  ],
  "https://github.com/sourcecred-test/example-github/issues/2#issuecomment-385576248" => Array [
    "sourcecred",
    "github",
    "COMMENT",
    "ISSUE",
    "sourcecred-test",
    "example-github",
    "2",
    "385576248",
  ],
  "https://github.com/sourcecred-test/example-github/issues/2#issuecomment-385576273" => Array [
    "sourcecred",
    "github",
    "COMMENT",
    "ISSUE",
    "sourcecred-test",
    "example-github",
    "2",
    "385576273",
  ],
  "https://github.com/sourcecred-test/example-github/issues/2#issuecomment-385576920" => Array [
    "sourcecred",
    "github",
    "COMMENT",
    "ISSUE",
    "sourcecred-test",
    "example-github",
    "2",
    "385576920",
  ],
  "https://github.com/sourcecred-test/example-github/issues/2#issuecomment-385576936" => Array [
    "sourcecred",
    "github",
    "COMMENT",
    "ISSUE",
    "sourcecred-test",
    "example-github",
    "2",
    "385576936",
  ],
  "https://github.com/sourcecred-test/example-github/issues/6#issuecomment-373768442" => Array [
    "sourcecred",
    "github",
    "COMMENT",
    "ISSUE",
    "sourcecred-test",
    "example-github",
    "6",
    "373768442",
  ],
  "https://github.com/sourcecred-test/example-github/issues/6#issuecomment-373768538" => Array [
    "sourcecred",
    "github",
    "COMMENT",
    "ISSUE",
    "sourcecred-test",
    "example-github",
    "6",
    "373768538",
  ],
  "https://github.com/sourcecred-test/example-github/issues/6#issuecomment-385223316" => Array [
    "sourcecred",
    "github",
    "COMMENT",
    "ISSUE",
    "sourcecred-test",
    "example-github",
    "6",
    "385223316",
  ],
  "https://github.com/sourcecred-test/example-github/issues/6#issuecomment-417104047" => Array [
    "sourcecred",
    "github",
    "COMMENT",
    "ISSUE",
    "sourcecred-test",
    "example-github",
    "6",
    "417104047",
  ],
  "https://github.com/sourcecred-test/example-github/issues/11#issuecomment-420811872" => Array [
    "sourcecred",
    "github",
    "COMMENT",
    "ISSUE",
    "sourcecred-test",
    "example-github",
    "11",
    "420811872",
  ],
  "https://github.com/sourcecred-test/example-github/issues/11#issuecomment-420813013" => Array [
    "sourcecred",
    "github",
    "COMMENT",
    "ISSUE",
    "sourcecred-test",
    "example-github",
    "11",
    "420813013",
  ],
  "https://github.com/sourcecred-test/example-github/issues/11#issuecomment-420813206" => Array [
    "sourcecred",
    "github",
    "COMMENT",
    "ISSUE",
    "sourcecred-test",
    "example-github",
    "11",
    "420813206",
  ],
  "https://github.com/sourcecred-test/example-github/issues/11#issuecomment-420813621" => Array [
    "sourcecred",
    "github",
    "COMMENT",
    "ISSUE",
    "sourcecred-test",
    "example-github",
    "11",
    "420813621",
  ],
  "https://github.com/sourcecred-test/example-github/pull/3#issuecomment-369162222" => Array [
    "sourcecred",
    "github",
    "COMMENT",
    "PULL",
    "sourcecred-test",
    "example-github",
    "3",
    "369162222",
  ],
  "https://github.com/sourcecred-test/example-github/pull/5#issuecomment-396430464" => Array [
    "sourcecred",
    "github",
    "COMMENT",
    "PULL",
    "sourcecred-test",
    "example-github",
    "5",
    "396430464",
  ],
  "https://github.com/sourcecred-test/example-github/pull/5#discussion_r171460198" => Array [
    "sourcecred",
    "github",
    "COMMENT",
    "REVIEW",
    "sourcecred-test",
    "example-github",
    "5",
    "100313899",
    "171460198",
  ],
}
`;
