// Jest Snapshot v1, https://goo.gl/fbAQLP

exports[`graph #Graph JSON functions should serialize a simple graph 1`] = `
Array [
  Object {
    "type": "sourcecred/sourcecred/Graph",
    "version": "0.1.0",
  },
  Object {
    "edges": Array [
      Object {
        "type": "sourcecred/sourcecred/AddressMap",
        "version": "0.1.0",
      },
      Object {
        "{\\"id\\":\\"crab-self-assessment\\",\\"pluginName\\":\\"hill_cooking_pot\\",\\"type\\":\\"SILLY\\"}": Object {
          "dst": Object {
            "id": "razorclaw_crab#2",
            "pluginName": "hill_cooking_pot",
            "type": "FOOD",
          },
          "payload": Object {
            "evaluation": "not effective at avoiding hero",
          },
          "src": Object {
            "id": "razorclaw_crab#2",
            "pluginName": "hill_cooking_pot",
            "type": "FOOD",
          },
        },
        "{\\"id\\":\\"hero_of_time#0@again_cooks@seafood_fruit_mix#3\\",\\"pluginName\\":\\"hill_cooking_pot\\",\\"type\\":\\"ACTION\\"}": Object {
          "dst": Object {
            "id": "hero_of_time#0",
            "pluginName": "hill_cooking_pot",
            "type": "PC",
          },
          "payload": Object {
            "crit": true,
            "saveScummed": true,
          },
          "src": Object {
            "id": "seafood_fruit_mix#3",
            "pluginName": "hill_cooking_pot",
            "type": "FOOD",
          },
        },
        "{\\"id\\":\\"hero_of_time#0@cooks@seafood_fruit_mix#3\\",\\"pluginName\\":\\"hill_cooking_pot\\",\\"type\\":\\"ACTION\\"}": Object {
          "dst": Object {
            "id": "hero_of_time#0",
            "pluginName": "hill_cooking_pot",
            "type": "PC",
          },
          "payload": Object {
            "crit": false,
          },
          "src": Object {
            "id": "seafood_fruit_mix#3",
            "pluginName": "hill_cooking_pot",
            "type": "FOOD",
          },
        },
        "{\\"id\\":\\"hero_of_time#0@eats@seafood_fruit_mix#3\\",\\"pluginName\\":\\"hill_cooking_pot\\",\\"type\\":\\"ACTION\\"}": Object {
          "dst": Object {
            "id": "seafood_fruit_mix#3",
            "pluginName": "hill_cooking_pot",
            "type": "FOOD",
          },
          "payload": Object {},
          "src": Object {
            "id": "hero_of_time#0",
            "pluginName": "hill_cooking_pot",
            "type": "PC",
          },
        },
        "{\\"id\\":\\"hero_of_time#0@grabs@razorclaw_crab#2\\",\\"pluginName\\":\\"hill_cooking_pot\\",\\"type\\":\\"ACTION\\"}": Object {
          "dst": Object {
            "id": "hero_of_time#0",
            "pluginName": "hill_cooking_pot",
            "type": "PC",
          },
          "payload": Object {},
          "src": Object {
            "id": "razorclaw_crab#2",
            "pluginName": "hill_cooking_pot",
            "type": "FOOD",
          },
        },
        "{\\"id\\":\\"hero_of_time#0@picks@mighty_bananas#1\\",\\"pluginName\\":\\"hill_cooking_pot\\",\\"type\\":\\"ACTION\\"}": Object {
          "dst": Object {
            "id": "hero_of_time#0",
            "pluginName": "hill_cooking_pot",
            "type": "PC",
          },
          "payload": Object {},
          "src": Object {
            "id": "mighty_bananas#1",
            "pluginName": "hill_cooking_pot",
            "type": "FOOD",
          },
        },
        "{\\"id\\":\\"mighty_bananas#1@included_in@seafood_fruit_mix#3\\",\\"pluginName\\":\\"hill_cooking_pot\\",\\"type\\":\\"INGREDIENT\\"}": Object {
          "dst": Object {
            "id": "mighty_bananas#1",
            "pluginName": "hill_cooking_pot",
            "type": "FOOD",
          },
          "payload": Object {},
          "src": Object {
            "id": "seafood_fruit_mix#3",
            "pluginName": "hill_cooking_pot",
            "type": "FOOD",
          },
        },
        "{\\"id\\":\\"razorclaw_crab#2@included_in@seafood_fruit_mix#3\\",\\"pluginName\\":\\"hill_cooking_pot\\",\\"type\\":\\"INGREDIENT\\"}": Object {
          "dst": Object {
            "id": "razorclaw_crab#2",
            "pluginName": "hill_cooking_pot",
            "type": "FOOD",
          },
          "payload": Object {},
          "src": Object {
            "id": "seafood_fruit_mix#3",
            "pluginName": "hill_cooking_pot",
            "type": "FOOD",
          },
        },
      },
    ],
    "nodes": Array [
      Object {
        "type": "sourcecred/sourcecred/AddressMap",
        "version": "0.1.0",
      },
      Object {
        "{\\"id\\":\\"hero_of_time#0\\",\\"pluginName\\":\\"hill_cooking_pot\\",\\"type\\":\\"PC\\"}": Object {
          "payload": Object {},
        },
        "{\\"id\\":\\"mighty_bananas#1\\",\\"pluginName\\":\\"hill_cooking_pot\\",\\"type\\":\\"FOOD\\"}": Object {
          "payload": Object {},
        },
        "{\\"id\\":\\"razorclaw_crab#2\\",\\"pluginName\\":\\"hill_cooking_pot\\",\\"type\\":\\"FOOD\\"}": Object {
          "payload": Object {},
        },
        "{\\"id\\":\\"seafood_fruit_mix#3\\",\\"pluginName\\":\\"hill_cooking_pot\\",\\"type\\":\\"FOOD\\"}": Object {
          "payload": Object {
            "effect": Array [
              "attack_power",
              1,
            ],
          },
        },
      },
    ],
  },
]
`;
