// Jest Snapshot v1, https://goo.gl/fbAQLP

exports[`app/credExplorer/pagerankTable/Connection ConnectionRow has proper depth-based styling 1`] = `
Object {
  "buttonStyle": Object {
    "marginLeft": 30,
    "marginRight": 5,
  },
  "trStyle": Object {
    "backgroundColor": "rgba(0,143.4375,0,0.18999999999999995)",
  },
}
`;
