// Jest Snapshot v1, https://goo.gl/fbAQLP

exports[`address AddressMap stringifies to JSON 1`] = `
Array [
  Object {
    "type": "sourcecred/sourcecred/AddressMap",
    "version": "0.2.0",
  },
  Object {
    "{\\"id\\":\\"mansion\\",\\"owner\\":{\\"plugin\\":\\"houseville\\",\\"type\\":\\"HOME\\"}}": Object {
      "baths": 5,
      "beds": 10,
    },
    "{\\"id\\":\\"mattressStore\\",\\"owner\\":{\\"plugin\\":\\"houseville\\",\\"type\\":\\"BUSINESS\\"}}": Object {
      "baths": 1,
      "beds": 99,
    },
  },
]
`;

exports[`address toString and fromString serialization looks good in snapshot review 1`] = `
Array [
  Array [
    Object {
      "id": "mansion",
      "owner": Object {
        "plugin": "houseville",
        "type": "HOME",
      },
    },
    "{\\"id\\":\\"mansion\\",\\"owner\\":{\\"plugin\\":\\"houseville\\",\\"type\\":\\"HOME\\"}}",
  ],
  Array [
    Object {
      "id": "mansion",
      "owner": Object {
        "plugin": "houseville",
        "type": "HOME",
      },
    },
    "{\\"id\\":\\"mansion\\",\\"owner\\":{\\"plugin\\":\\"houseville\\",\\"type\\":\\"HOME\\"}}",
  ],
  Array [
    Object {
      "id": "mattressStore",
      "owner": Object {
        "plugin": "houseville",
        "type": "BUSINESS",
      },
    },
    "{\\"id\\":\\"mattressStore\\",\\"owner\\":{\\"plugin\\":\\"houseville\\",\\"type\\":\\"BUSINESS\\"}}",
  ],
]
`;
