// Jest Snapshot v1, https://goo.gl/fbAQLP

exports[`ledger/ledger state reconstruction serialized ledger snapshots as expected 1`] = `
"[
{\\"action\\":{\\"identity\\":{\\"address\\":\\"N\\\\u0000sourcecred\\\\u0000core\\\\u0000IDENTITY\\\\u0000USER\\\\u0000YVZhbGlkVXVpZEF0TGFzdA\\\\u0000\\",\\"aliases\\":[],\\"id\\":\\"YVZhbGlkVXVpZEF0TGFzdA\\",\\"name\\":\\"steven\\",\\"subtype\\":\\"USER\\"},\\"type\\":\\"CREATE_IDENTITY\\",\\"version\\":\\"1\\"},\\"ledgerTimestamp\\":1,\\"version\\":\\"1\\"},
{\\"action\\":{\\"identity\\":{\\"address\\":\\"N\\\\u0000sourcecred\\\\u0000core\\\\u0000IDENTITY\\\\u0000ORGANIZATION\\\\u0000URgLrCxgvjHxtGJ9PgmckQ\\\\u0000\\",\\"aliases\\":[],\\"id\\":\\"URgLrCxgvjHxtGJ9PgmckQ\\",\\"name\\":\\"crystal-gems\\",\\"subtype\\":\\"ORGANIZATION\\"},\\"type\\":\\"CREATE_IDENTITY\\",\\"version\\":\\"1\\"},\\"ledgerTimestamp\\":2,\\"version\\":\\"1\\"},
{\\"action\\":{\\"alias\\":\\"N\\\\u0000a1\\\\u0000\\",\\"identityId\\":\\"YVZhbGlkVXVpZEF0TGFzdA\\",\\"type\\":\\"ADD_ALIAS\\",\\"version\\":\\"1\\"},\\"ledgerTimestamp\\":3,\\"version\\":\\"1\\"},
{\\"action\\":{\\"distribution\\":{\\"allocations\\":[{\\"id\\":\\"yYNur0NEEkh7fMaUn6n9QQ\\",\\"policy\\":{\\"budget\\":\\"100\\",\\"policyType\\":\\"IMMEDIATE\\"},\\"receipts\\":[{\\"amount\\":\\"50\\",\\"id\\":\\"YVZhbGlkVXVpZEF0TGFzdA\\"},{\\"amount\\":\\"50\\",\\"id\\":\\"URgLrCxgvjHxtGJ9PgmckQ\\"}]}],\\"credTimestamp\\":1,\\"id\\":\\"f9xPz9YGH0PuBpPAg2824Q\\"},\\"type\\":\\"DISTRIBUTE_GRAIN\\",\\"version\\":\\"1\\"},\\"ledgerTimestamp\\":4,\\"version\\":\\"1\\"},
{\\"action\\":{\\"amount\\":\\"10\\",\\"from\\":\\"YVZhbGlkVXVpZEF0TGFzdA\\",\\"memo\\":null,\\"to\\":\\"URgLrCxgvjHxtGJ9PgmckQ\\",\\"type\\":\\"TRANSFER_GRAIN\\",\\"version\\":\\"1\\"},\\"ledgerTimestamp\\":5,\\"version\\":\\"1\\"}
]"
`;
