// Jest Snapshot v1, https://goo.gl/fbAQLP

exports[`ledger/ledger state reconstruction serialized ledger snapshots as expected 1`] = `
"[
{\\"action\\":{\\"identity\\":{\\"address\\":\\"N\\\\u0000sourcecred\\\\u0000core\\\\u0000IDENTITY\\\\u0000YVZhbGlkVXVpZEF0TGFzdA\\\\u0000\\",\\"aliases\\":[],\\"id\\":\\"YVZhbGlkVXVpZEF0TGFzdA\\",\\"name\\":\\"foo\\"},\\"type\\":\\"CREATE_IDENTITY\\",\\"version\\":\\"1\\"},\\"ledgerTimestamp\\":1,\\"version\\":\\"1\\"},
{\\"action\\":{\\"identity\\":{\\"address\\":\\"N\\\\u0000sourcecred\\\\u0000core\\\\u0000IDENTITY\\\\u0000URgLrCxgvjHxtGJ9PgmckQ\\\\u0000\\",\\"aliases\\":[],\\"id\\":\\"URgLrCxgvjHxtGJ9PgmckQ\\",\\"name\\":\\"bar\\"},\\"type\\":\\"CREATE_IDENTITY\\",\\"version\\":\\"1\\"},\\"ledgerTimestamp\\":2,\\"version\\":\\"1\\"},
{\\"action\\":{\\"alias\\":\\"N\\\\u0000a1\\\\u0000\\",\\"identityId\\":\\"YVZhbGlkVXVpZEF0TGFzdA\\",\\"type\\":\\"ADD_ALIAS\\",\\"version\\":\\"1\\"},\\"ledgerTimestamp\\":3,\\"version\\":\\"1\\"},
{\\"action\\":{\\"alias\\":\\"N\\\\u0000a1\\\\u0000\\",\\"identityId\\":\\"YVZhbGlkVXVpZEF0TGFzdA\\",\\"retroactivePaid\\":\\"0\\",\\"type\\":\\"REMOVE_ALIAS\\",\\"version\\":\\"1\\"},\\"ledgerTimestamp\\":4,\\"version\\":\\"1\\"},
{\\"action\\":{\\"alias\\":\\"N\\\\u0000a1\\\\u0000\\",\\"identityId\\":\\"URgLrCxgvjHxtGJ9PgmckQ\\",\\"type\\":\\"ADD_ALIAS\\",\\"version\\":\\"1\\"},\\"ledgerTimestamp\\":5,\\"version\\":\\"1\\"},
{\\"action\\":{\\"distribution\\":{\\"allocations\\":[{\\"policy\\":{\\"budget\\":\\"400\\",\\"policyType\\":\\"BALANCED\\"},\\"receipts\\":[{\\"address\\":\\"N\\\\u0000sourcecred\\\\u0000core\\\\u0000IDENTITY\\\\u0000YVZhbGlkVXVpZEF0TGFzdA\\\\u0000\\",\\"amount\\":\\"213\\"},{\\"address\\":\\"N\\\\u0000sourcecred\\\\u0000core\\\\u0000IDENTITY\\\\u0000URgLrCxgvjHxtGJ9PgmckQ\\\\u0000\\",\\"amount\\":\\"186\\"}]},{\\"policy\\":{\\"budget\\":\\"100\\",\\"policyType\\":\\"IMMEDIATE\\"},\\"receipts\\":[{\\"address\\":\\"N\\\\u0000sourcecred\\\\u0000core\\\\u0000IDENTITY\\\\u0000YVZhbGlkVXVpZEF0TGFzdA\\\\u0000\\",\\"amount\\":\\"30\\"},{\\"address\\":\\"N\\\\u0000sourcecred\\\\u0000core\\\\u0000IDENTITY\\\\u0000URgLrCxgvjHxtGJ9PgmckQ\\\\u0000\\",\\"amount\\":\\"70\\"}]}],\\"credTimestamp\\":20},\\"type\\":\\"DISTRIBUTE_GRAIN\\",\\"version\\":\\"1\\"},\\"ledgerTimestamp\\":6,\\"version\\":\\"1\\"},
{\\"action\\":{\\"amount\\":\\"10\\",\\"from\\":\\"N\\\\u0000sourcecred\\\\u0000core\\\\u0000IDENTITY\\\\u0000YVZhbGlkVXVpZEF0TGFzdA\\\\u0000\\",\\"memo\\":null,\\"to\\":\\"N\\\\u0000sourcecred\\\\u0000core\\\\u0000IDENTITY\\\\u0000URgLrCxgvjHxtGJ9PgmckQ\\\\u0000\\",\\"type\\":\\"TRANSFER_GRAIN\\",\\"version\\":\\"1\\"},\\"ledgerTimestamp\\":7,\\"version\\":\\"1\\"}
]"
`;
