// Jest Snapshot v1, https://goo.gl/fbAQLP

exports[`ledger/ledger state reconstruction serialized ledger snapshots as expected 1`] = `
"[
{\\"action\\":{\\"identity\\":{\\"address\\":\\"N\\\\u0000sourcecred\\\\u0000core\\\\u0000IDENTITY\\\\u0000USER\\\\u0000YVZhbGlkVXVpZEF0TGFzdA\\\\u0000\\",\\"aliases\\":[],\\"id\\":\\"YVZhbGlkVXVpZEF0TGFzdA\\",\\"name\\":\\"steven\\",\\"subtype\\":\\"USER\\"},\\"type\\":\\"CREATE_IDENTITY\\",\\"version\\":\\"1\\"},\\"ledgerTimestamp\\":1,\\"version\\":\\"1\\"},
{\\"action\\":{\\"identity\\":{\\"address\\":\\"N\\\\u0000sourcecred\\\\u0000core\\\\u0000IDENTITY\\\\u0000ORGANIZATION\\\\u0000URgLrCxgvjHxtGJ9PgmckQ\\\\u0000\\",\\"aliases\\":[],\\"id\\":\\"URgLrCxgvjHxtGJ9PgmckQ\\",\\"name\\":\\"crystal-gems\\",\\"subtype\\":\\"ORGANIZATION\\"},\\"type\\":\\"CREATE_IDENTITY\\",\\"version\\":\\"1\\"},\\"ledgerTimestamp\\":2,\\"version\\":\\"1\\"},
{\\"action\\":{\\"alias\\":\\"N\\\\u0000a1\\\\u0000\\",\\"identityId\\":\\"YVZhbGlkVXVpZEF0TGFzdA\\",\\"type\\":\\"ADD_ALIAS\\",\\"version\\":\\"1\\"},\\"ledgerTimestamp\\":3,\\"version\\":\\"1\\"}
]"
`;
