// Jest Snapshot v1, https://goo.gl/fbAQLP

exports[`analysis/pagerankNodeDecomposition decompose has the expected output on a simple asymmetric chain 1`] = `
Map {
  "NodeAddress[\\"n1\\"]" => Object {
    "score": 0.19117611352146152,
    "scoredConnections": Array [
      Object {
        "connection": Object {
          "adjacency": Object {
            "edge": Object {
              "address": "EdgeAddress[\\"e3\\"]",
              "dst": "NodeAddress[\\"sink\\"]",
              "src": "NodeAddress[\\"n1\\"]",
            },
            "type": "OUT_EDGE",
          },
          "weight": 0.1875,
        },
        "connectionScore": 0.11029408674138254,
        "source": "NodeAddress[\\"sink\\"]",
      },
      Object {
        "connection": Object {
          "adjacency": Object {
            "edge": Object {
              "address": "EdgeAddress[\\"e1\\"]",
              "dst": "NodeAddress[\\"n2\\"]",
              "src": "NodeAddress[\\"n1\\"]",
            },
            "type": "OUT_EDGE",
          },
          "weight": 0.3,
        },
        "connectionScore": 0.06617662715734954,
        "source": "NodeAddress[\\"n2\\"]",
      },
      Object {
        "connection": Object {
          "adjacency": Object {
            "type": "SYNTHETIC_LOOP",
          },
          "weight": 0.07692307692307693,
        },
        "connectionScore": 0.014705854886266271,
        "source": "NodeAddress[\\"n1\\"]",
      },
    ],
  },
  "NodeAddress[\\"n2\\"]" => Object {
    "score": 0.22058875719116514,
    "scoredConnections": Array [
      Object {
        "connection": Object {
          "adjacency": Object {
            "edge": Object {
              "address": "EdgeAddress[\\"e2\\"]",
              "dst": "NodeAddress[\\"sink\\"]",
              "src": "NodeAddress[\\"n2\\"]",
            },
            "type": "OUT_EDGE",
          },
          "weight": 0.1875,
        },
        "connectionScore": 0.11029408674138254,
        "source": "NodeAddress[\\"sink\\"]",
      },
      Object {
        "connection": Object {
          "adjacency": Object {
            "edge": Object {
              "address": "EdgeAddress[\\"e1\\"]",
              "dst": "NodeAddress[\\"n2\\"]",
              "src": "NodeAddress[\\"n1\\"]",
            },
            "type": "IN_EDGE",
          },
          "weight": 0.46153846153846156,
        },
        "connectionScore": 0.08823512931759762,
        "source": "NodeAddress[\\"n1\\"]",
      },
      Object {
        "connection": Object {
          "adjacency": Object {
            "type": "SYNTHETIC_LOOP",
          },
          "weight": 0.1,
        },
        "connectionScore": 0.022058875719116515,
        "source": "NodeAddress[\\"n2\\"]",
      },
    ],
  },
  "NodeAddress[\\"sink\\"]" => Object {
    "score": 0.5882351292873735,
    "scoredConnections": Array [
      Object {
        "connection": Object {
          "adjacency": Object {
            "edge": Object {
              "address": "EdgeAddress[\\"e4\\"]",
              "dst": "NodeAddress[\\"sink\\"]",
              "src": "NodeAddress[\\"sink\\"]",
            },
            "type": "IN_EDGE",
          },
          "weight": 0.375,
        },
        "connectionScore": 0.22058817348276508,
        "source": "NodeAddress[\\"sink\\"]",
      },
      Object {
        "connection": Object {
          "adjacency": Object {
            "edge": Object {
              "address": "EdgeAddress[\\"e2\\"]",
              "dst": "NodeAddress[\\"sink\\"]",
              "src": "NodeAddress[\\"n2\\"]",
            },
            "type": "IN_EDGE",
          },
          "weight": 0.6,
        },
        "connectionScore": 0.13235325431469908,
        "source": "NodeAddress[\\"n2\\"]",
      },
      Object {
        "connection": Object {
          "adjacency": Object {
            "edge": Object {
              "address": "EdgeAddress[\\"e4\\"]",
              "dst": "NodeAddress[\\"sink\\"]",
              "src": "NodeAddress[\\"sink\\"]",
            },
            "type": "OUT_EDGE",
          },
          "weight": 0.1875,
        },
        "connectionScore": 0.11029408674138254,
        "source": "NodeAddress[\\"sink\\"]",
      },
      Object {
        "connection": Object {
          "adjacency": Object {
            "edge": Object {
              "address": "EdgeAddress[\\"e3\\"]",
              "dst": "NodeAddress[\\"sink\\"]",
              "src": "NodeAddress[\\"n1\\"]",
            },
            "type": "IN_EDGE",
          },
          "weight": 0.46153846153846156,
        },
        "connectionScore": 0.08823512931759762,
        "source": "NodeAddress[\\"n1\\"]",
      },
      Object {
        "connection": Object {
          "adjacency": Object {
            "type": "SYNTHETIC_LOOP",
          },
          "weight": 0.0625,
        },
        "connectionScore": 0.036764695580460846,
        "source": "NodeAddress[\\"sink\\"]",
      },
    ],
  },
}
`;
